 ray

 Timestamp is 58d0e654 (Tue Mar 21 16:37:40 2017)

 Preferred load address is 00400000

 Start         Length     Name                   Class
 0001:00000000 000001e0H .text$di                CODE
 0001:000001e0 000723d0H .text$mn                CODE
 0001:000725b0 000023d0H .text$x                 CODE
 0001:00074980 000000d9H .text$yd                CODE
 0002:00000000 000006b4H .idata$5                DATA
 0002:000006b4 00000004H .00cfg                  DATA
 0002:000006b8 00000004H .CRT$XCA                DATA
 0002:000006bc 00000004H .CRT$XCAA               DATA
 0002:000006c0 00000004H .CRT$XCL                DATA
 0002:000006c4 0000002cH .CRT$XCU                DATA
 0002:000006f0 00000004H .CRT$XCZ                DATA
 0002:000006f4 00000004H .CRT$XIA                DATA
 0002:000006f8 00000004H .CRT$XIAA               DATA
 0002:000006fc 00000004H .CRT$XIAC               DATA
 0002:00000700 00000004H .CRT$XIC                DATA
 0002:00000704 00000004H .CRT$XIZ                DATA
 0002:00000708 00000004H .CRT$XLA                DATA
 0002:0000070c 00000004H .CRT$XLZ                DATA
 0002:00000710 00000004H .CRT$XPA                DATA
 0002:00000714 00000004H .CRT$XPZ                DATA
 0002:00000718 00000004H .CRT$XTA                DATA
 0002:0000071c 00000004H .CRT$XTZ                DATA
 0002:00000720 00007c34H .rdata                  DATA
 0002:00008354 00000018H .rdata$T                DATA
 0002:0000836c 000024a8H .rdata$r                DATA
 0002:0000a814 000003bcH .rdata$zzzdbg           DATA
 0002:0000abd0 00000004H .rtc$IAA                DATA
 0002:0000abd4 00000004H .rtc$IZZ                DATA
 0002:0000abd8 00000004H .rtc$TAA                DATA
 0002:0000abdc 00000004H .rtc$TZZ                DATA
 0002:0000abe0 0000256cH .xdata$x                DATA
 0002:0000d14c 00000000H .edata                  DATA
 0002:0000d14c 000001b8H .idata$2                DATA
 0002:0000d304 00000014H .idata$3                DATA
 0002:0000d318 000006b4H .idata$4                DATA
 0002:0000d9cc 00002458H .idata$6                DATA
 0003:00000000 00001e88H .data                   DATA
 0003:00001e88 00000e68H .data$r                 DATA
 0003:00002cf0 000055e0H .bss                    DATA
 0004:00000000 00000058H .gfids$y                DATA
 0005:00000000 00000004H .tls                    DATA
 0005:00000004 00000004H .tls$                   DATA
 0005:00000008 00000001H .tls$ZZZ                DATA
 0006:00000000 00000060H .rsrc$01                DATA
 0006:00000060 00000180H .rsrc$02                DATA

  Address         Publics by Value              Rva+Base       Lib:Object

 0000:00000000       ___guard_fids_table        00000000     <absolute>
 0000:00000000       ___safe_se_handler_count   00000000     <absolute>
 0000:00000000       ___guard_iat_count         00000000     <absolute>
 0000:00000000       ___guard_longjmp_table     00000000     <absolute>
 0000:00000000       ___guard_fids_count        00000000     <absolute>
 0000:00000000       ___guard_iat_table         00000000     <absolute>
 0000:00000000       ___dynamic_value_reloc_table 00000000     <absolute>
 0000:00000000       ___safe_se_handler_table   00000000     <absolute>
 0000:00000000       ___guard_longjmp_count     00000000     <absolute>
 0000:0000002c       __tls_array                0000002c     <absolute>
 0000:00000100       ___guard_flags             00000100     <absolute>
 0000:00000000       ___ImageBase               00400000     <linker-defined>
 0001:000001e0       ?GetOption@@YAHHPAPADPAD0@Z 004011e0 f   getopt.obj
 0001:000002c0       ?getopt@@YAHHPAPADPAD@Z    004012c0 f   getopt.obj
 0001:00000300       ??$__vcrt_va_start_verify_argument_type@QBD@@YAXXZ 00401300 f i main.obj
 0001:00000310       ??_H@YGXPAXIIP6EPAX0@Z@Z   00401310 f i main.obj
 0001:00000340       ?processArgs@@YA_NHPAPAD@Z 00401340 f   main.obj
 0001:00000430       ?usage@@YAXXZ              00401430 f   main.obj
 0001:00000450       ___local_stdio_printf_options 00401450 f i main.obj
 0001:00000460       _fprintf                   00401460 f i main.obj
 0001:00000490       _main                      00401490 f   main.obj
 0001:000006c0       ??0RayTracer@@QAE@XZ       004016c0 f   RayTracer.obj
 0001:000006f0       ??0vec3f@@QAE@XZ           004016f0 f i RayTracer.obj
 0001:00000700       ??1?$basic_string@DU?$char_traits@D@std@@V?$allocator@D@2@@std@@QAE@XZ 00401700 f i RayTracer.obj
 0001:00000740       ??1ParseError@@QAE@XZ      00401740 f i RayTracer.obj
 0001:00000780       ??1RayTracer@@QAE@XZ       00401780 f   RayTracer.obj
 0001:000007a0       ??1isect@@QAE@XZ           004017a0 f i RayTracer.obj
 0001:000007c0       ?_Copy@?$basic_string@DU?$char_traits@D@std@@V?$allocator@D@2@@std@@QAEXII@Z 004017c0 f i RayTracer.obj
 0001:00000970       ?_Deallocate@std@@YAXPAXII@Z 00401970 f i RayTracer.obj
 0001:000009e0       ?allocate@?$_Wrap_alloc@V?$allocator@D@std@@@std@@QAEPADI@Z 004019e0 f i RayTracer.obj
 0001:00000a40       ?aspectRatio@RayTracer@@QAENXZ 00401a40 f   RayTracer.obj
 0001:00000a80       ?assign@?$basic_string@DU?$char_traits@D@std@@V?$allocator@D@2@@std@@QAEAAV12@ABV12@II@Z 00401a80 f i RayTracer.obj
 0001:00000ba0       ?assign@?$basic_string@DU?$char_traits@D@std@@V?$allocator@D@2@@std@@QAEAAV12@PBDI@Z 00401ba0 f i RayTracer.obj
 0001:00000ca0       ?erase@?$basic_string@DU?$char_traits@D@std@@V?$allocator@D@2@@std@@QAEAAV12@II@Z 00401ca0 f i RayTracer.obj
 0001:00000d40       ?getBuffer@RayTracer@@QAEXAAPAEAAH1@Z 00401d40 f   RayTracer.obj
 0001:00000d60       ?loadScene@RayTracer@@QAE_NPAD@Z 00401d60 f   RayTracer.obj
 0001:00000eb0       ?sceneLoaded@RayTracer@@QAE_NXZ 00401eb0 f   RayTracer.obj
 0001:00000ec0       ?trace@RayTracer@@QAE?AVvec3f@@PAVScene@@NN@Z 00401ec0 f   RayTracer.obj
 0001:00000f90       ?traceLines@RayTracer@@QAEXHH@Z 00401f90 f   RayTracer.obj
 0001:000010f0       ?tracePixel@RayTracer@@QAEXHH@Z 004020f0 f   RayTracer.obj
 0001:00001210       ?traceRay@RayTracer@@QAE?AVvec3f@@PAVScene@@ABVray@@ABV2@H@Z 00402210 f   RayTracer.obj
 0001:000012d0       ?traceSetup@RayTracer@@QAEXHH@Z 004022d0 f   RayTracer.obj
 0001:00001330       ??0TraceGLWindow@@QAE@HHHHPBD@Z 00402330 f   TraceGLWindow.obj
 0001:000013b0       ??_GFl_Gl_Window@@UAEPAXI@Z 004023b0 f i TraceGLWindow.obj
 0001:000013b0       ??_EFl_Gl_Window@@UAEPAXI@Z 004023b0 f i TraceGLWindow.obj
 0001:000013e0       ??_ETraceGLWindow@@UAEPAXI@Z 004023e0 f i TraceGLWindow.obj
 0001:000013e0       ??_GTraceGLWindow@@UAEPAXI@Z 004023e0 f i TraceGLWindow.obj
 0001:00001410       ?as_gl_window@Fl_Gl_Window@@UAEPAV1@XZ 00402410 f i TraceGLWindow.obj
 0001:00001420       ?as_group@Fl_Group@@UAEPAV1@XZ 00402420 f i TraceGLWindow.obj
 0001:00001430       ?as_window@Fl_Window@@UAEPAV1@XZ 00402430 f i TraceGLWindow.obj
 0001:00001440       ?draw@TraceGLWindow@@UAEXXZ 00402440 f   TraceGLWindow.obj
 0001:00001520       ?handle@TraceGLWindow@@UAEHH@Z 00402520 f   TraceGLWindow.obj
 0001:00001530       ?refresh@TraceGLWindow@@QAEXXZ 00402530 f   TraceGLWindow.obj
 0001:00001540       ?resizeWindow@TraceGLWindow@@QAEXHH@Z 00402540 f   TraceGLWindow.obj
 0001:00001570       ?saveImage@TraceGLWindow@@QAEXPAD@Z 00402570 f   TraceGLWindow.obj
 0001:000015c0       ?setRayTracer@TraceGLWindow@@QAEXPAVRayTracer@@@Z 004025c0 f   TraceGLWindow.obj
 0001:000015d0       ?cb_load_scene@TraceUI@@CAXPAVFl_Menu_@@PAX@Z 004025d0 f   TraceUI.obj
 0001:00001670       ?cb_save_image@TraceUI@@CAXPAVFl_Menu_@@PAX@Z 00402670 f   TraceUI.obj
 0001:000016b0       ?cb_exit@TraceUI@@CAXPAVFl_Menu_@@PAX@Z 004026b0 f   TraceUI.obj
 0001:000016e0       ?cb_about@TraceUI@@CAXPAVFl_Menu_@@PAX@Z 004026e0 f   TraceUI.obj
 0001:000016f0       ??0TraceUI@@QAE@XZ         004026f0 f   TraceUI.obj
 0001:00001a40       ?cb_depthSlides@TraceUI@@CAXPAVFl_Widget@@PAX@Z 00402a40 f   TraceUI.obj
 0001:00001a60       ?cb_exit2@TraceUI@@CAXPAVFl_Widget@@PAX@Z 00402a60 f   TraceUI.obj
 0001:00001a90       ?cb_render@TraceUI@@CAXPAVFl_Widget@@PAX@Z 00402a90 f   TraceUI.obj
 0001:00001ca0       ?cb_sizeSlides@TraceUI@@CAXPAVFl_Widget@@PAX@Z 00402ca0 f   TraceUI.obj
 0001:00001cf0       ?cb_stop@TraceUI@@CAXPAVFl_Widget@@PAX@Z 00402cf0 f   TraceUI.obj
 0001:00001d00       ?getDepth@TraceUI@@QAEHXZ  00402d00 f   TraceUI.obj
 0001:00001d10       ?getSize@TraceUI@@QAEHXZ   00402d10 f   TraceUI.obj
 0001:00001d20       ?setRayTracer@TraceUI@@QAEXPAVRayTracer@@@Z 00402d20 f   TraceUI.obj
 0001:00001d40       ?show@TraceUI@@QAEXXZ      00402d40 f   TraceUI.obj
 0001:00001d50       ?whoami@TraceUI@@CAPAV1@PAVFl_Menu_@@@Z 00402d50 f   TraceUI.obj
 0001:00001d60       _sprintf                   00402d60 f i TraceUI.obj
 0001:00001da0       ?readBMP@@YAPAEPADAAH1@Z   00402da0 f   bitmap.obj
 0001:00001f10       ?writeBMP@@YAXPADHHPAE@Z   00402f10 f   bitmap.obj
 0001:000020a0       ??$?0U?$_Wrap_alloc@V?$allocator@U?$_Tree_node@U?$pair@$$CBV?$basic_string@DU?$char_traits@D@std@@V?$allocator@D@2@@std@@PAVObj@@@std@@PAX@std@@@std@@@std@@@?$_Tree@V?$_Tmap_traits@V?$basic_string@DU?$char_traits@D@std@@V?$allocator@D@2@@std@@PAVObj@@U?$less@V?$basic_string@DU?$char_traits@D@std@@V?$allocator@D@2@@std@@@2@V?$allocator@U?$pair@$$CBV?$basic_string@DU?$char_traits@D@std@@V?$allocator@D@2@@std@@PAVObj@@@std@@@2@$0A@@std@@@std@@QAE@ABV01@$$QAU?$_Wrap_alloc@V?$allocator@U?$_Tree_node@U?$pair@$$CBV?$basic_string@DU?$char_traits@D@std@@V?$allocator@D@2@@std@@PAVObj@@@std@@PAX@std@@@std@@@1@@Z 004030a0 f i parse.obj
 0001:00002130       ??$?6DU?$char_traits@D@std@@V?$allocator@D@1@@std@@YAAAV?$basic_ostream@DU?$char_traits@D@std@@@0@AAV10@ABV?$basic_string@DU?$char_traits@D@std@@V?$allocator@D@2@@0@@Z 00403130 f i parse.obj
 0001:00002330       ??$?6U?$char_traits@D@std@@@std@@YAAAV?$basic_ostream@DU?$char_traits@D@std@@@0@AAV10@D@Z 00403330 f i parse.obj
 0001:00002540       ??$?6U?$char_traits@D@std@@@std@@YAAAV?$basic_ostream@DU?$char_traits@D@std@@@0@AAV10@PBD@Z 00403540 f i parse.obj
 0001:00002780       ??$?8DU?$char_traits@D@std@@V?$allocator@D@1@@std@@YA_NABV?$basic_string@DU?$char_traits@D@std@@V?$allocator@D@2@@0@PBD@Z 00403780 f i parse.obj
 0001:000027f0       ??$?HDU?$char_traits@D@std@@V?$allocator@D@1@@std@@YA?AV?$basic_string@DU?$char_traits@D@std@@V?$allocator@D@2@@0@$$QAV10@0@Z 004037f0 f i parse.obj
 0001:00002860       ??$?HDU?$char_traits@D@std@@V?$allocator@D@1@@std@@YA?AV?$basic_string@DU?$char_traits@D@std@@V?$allocator@D@2@@0@$$QAV10@ABV10@@Z 00403860 f i parse.obj
 0001:000028a0       ??$_Buynode@AAU?$pair@$$CBV?$basic_string@DU?$char_traits@D@std@@V?$allocator@D@2@@std@@PAVObj@@@std@@@?$_Tree_comp_alloc@V?$_Tmap_traits@V?$basic_string@DU?$char_traits@D@std@@V?$allocator@D@2@@std@@PAVObj@@U?$less@V?$basic_string@DU?$char_traits@D@std@@V?$allocator@D@2@@std@@@2@V?$allocator@U?$pair@$$CBV?$basic_string@DU?$char_traits@D@std@@V?$allocator@D@2@@std@@PAVObj@@@std@@@2@$0A@@std@@@std@@QAEPAU?$_Tree_node@U?$pair@$$CBV?$basic_string@DU?$char_traits@D@std@@V?$allocator@D@2@@std@@PAVObj@@@std@@PAX@1@AAU?$pair@$$CBV?$basic_string@DU?$char_traits@D@std@@V?$allocator@D@2@@std@@PAVObj@@@1@@Z 004038a0 f i parse.obj
 0001:00002960       ??$_Buynode@ABUpiecewise_construct_t@std@@V?$tuple@ABV?$basic_string@DU?$char_traits@D@std@@V?$allocator@D@2@@std@@@2@V?$tuple@$$V@2@@?$_Tree_comp_alloc@V?$_Tmap_traits@V?$basic_string@DU?$char_traits@D@std@@V?$allocator@D@2@@std@@PAVObj@@U?$less@V?$basic_string@DU?$char_traits@D@std@@V?$allocator@D@2@@std@@@2@V?$allocator@U?$pair@$$CBV?$basic_string@DU?$char_traits@D@std@@V?$allocator@D@2@@std@@PAVObj@@@std@@@2@$0A@@std@@@std@@QAEPAU?$_Tree_node@U?$pair@$$CBV?$basic_string@DU?$char_traits@D@std@@V?$allocator@D@2@@std@@PAVObj@@@std@@PAX@1@ABUpiecewise_construct_t@1@$$QAV?$tuple@ABV?$basic_string@DU?$char_traits@D@std@@V?$allocator@D@2@@std@@@1@$$QAV?$tuple@$$V@1@@Z 00403960 f i parse.obj
 0001:00002a20       ??$_Copy@U_Copy_tag@?$_Tree@V?$_Tmap_traits@V?$basic_string@DU?$char_traits@D@std@@V?$allocator@D@2@@std@@PAVObj@@U?$less@V?$basic_string@DU?$char_traits@D@std@@V?$allocator@D@2@@std@@@2@V?$allocator@U?$pair@$$CBV?$basic_string@DU?$char_traits@D@std@@V?$allocator@D@2@@std@@PAVObj@@@std@@@2@$0A@@std@@@std@@@?$_Tree@V?$_Tmap_traits@V?$basic_string@DU?$char_traits@D@std@@V?$allocator@D@2@@std@@PAVObj@@U?$less@V?$basic_string@DU?$char_traits@D@std@@V?$allocator@D@2@@std@@@2@V?$allocator@U?$pair@$$CBV?$basic_string@DU?$char_traits@D@std@@V?$allocator@D@2@@std@@PAVObj@@@std@@@2@$0A@@std@@@std@@IAEXABV01@U_Copy_tag@01@@Z 00403a20 f i parse.obj
 0001:00002aa0       ??$_Copy_nodes@U_Copy_tag@?$_Tree@V?$_Tmap_traits@V?$basic_string@DU?$char_traits@D@std@@V?$allocator@D@2@@std@@PAVObj@@U?$less@V?$basic_string@DU?$char_traits@D@std@@V?$allocator@D@2@@std@@@2@V?$allocator@U?$pair@$$CBV?$basic_string@DU?$char_traits@D@std@@V?$allocator@D@2@@std@@PAVObj@@@std@@@2@$0A@@std@@@std@@@?$_Tree@V?$_Tmap_traits@V?$basic_string@DU?$char_traits@D@std@@V?$allocator@D@2@@std@@PAVObj@@U?$less@V?$basic_string@DU?$char_traits@D@std@@V?$allocator@D@2@@std@@@2@V?$allocator@U?$pair@$$CBV?$basic_string@DU?$char_traits@D@std@@V?$allocator@D@2@@std@@PAVObj@@@std@@@2@$0A@@std@@@std@@IAEPAU?$_Tree_node@U?$pair@$$CBV?$basic_string@DU?$char_traits@D@std@@V?$allocator@D@2@@std@@PAVObj@@@std@@PAX@1@PAU21@0U_Copy_tag@01@@Z 00403aa0 f i parse.obj
 0001:00002b60       ??$_Insert_at@AAU?$pair@$$CBV?$basic_string@DU?$char_traits@D@std@@V?$allocator@D@2@@std@@PAVObj@@@std@@PAU?$_Tree_node@U?$pair@$$CBV?$basic_string@DU?$char_traits@D@std@@V?$allocator@D@2@@std@@PAVObj@@@std@@PAX@2@@?$_Tree@V?$_Tmap_traits@V?$basic_string@DU?$char_traits@D@std@@V?$allocator@D@2@@std@@PAVObj@@U?$less@V?$basic_string@DU?$char_traits@D@std@@V?$allocator@D@2@@std@@@2@V?$allocator@U?$pair@$$CBV?$basic_string@DU?$char_traits@D@std@@V?$allocator@D@2@@std@@PAVObj@@@std@@@2@$0A@@std@@@std@@IAE?AV?$_Tree_iterator@V?$_Tree_val@U?$_Tree_simple_types@U?$pair@$$CBV?$basic_string@DU?$char_traits@D@std@@V?$allocator@D@2@@std@@PAVObj@@@std@@@std@@@std@@@1@_NPAU?$_Tree_node@U?$pair@$$CBV?$basic_string@DU?$char_traits@D@std@@V?$allocator@D@2@@std@@PAVObj@@@std@@PAX@1@AAU?$pair@$$CBV?$basic_string@DU?$char_traits@D@std@@V?$allocator@D@2@@std@@PAVObj@@@1@1@Z 00403b60 f i parse.obj
 0001:00002d30       ??$_Insert_hint@AAU?$pair@$$CBV?$basic_string@DU?$char_traits@D@std@@V?$allocator@D@2@@std@@PAVObj@@@std@@PAU?$_Tree_node@U?$pair@$$CBV?$basic_string@DU?$char_traits@D@std@@V?$allocator@D@2@@std@@PAVObj@@@std@@PAX@2@@?$_Tree@V?$_Tmap_traits@V?$basic_string@DU?$char_traits@D@std@@V?$allocator@D@2@@std@@PAVObj@@U?$less@V?$basic_string@DU?$char_traits@D@std@@V?$allocator@D@2@@std@@@2@V?$allocator@U?$pair@$$CBV?$basic_string@DU?$char_traits@D@std@@V?$allocator@D@2@@std@@PAVObj@@@std@@@2@$0A@@std@@@std@@IAE?AV?$_Tree_iterator@V?$_Tree_val@U?$_Tree_simple_types@U?$pair@$$CBV?$basic_string@DU?$char_traits@D@std@@V?$allocator@D@2@@std@@PAVObj@@@std@@@std@@@std@@@1@V?$_Tree_const_iterator@V?$_Tree_val@U?$_Tree_simple_types@U?$pair@$$CBV?$basic_string@DU?$char_traits@D@std@@V?$allocator@D@2@@std@@PAVObj@@@std@@@std@@@std@@@1@AAU?$pair@$$CBV?$basic_string@DU?$char_traits@D@std@@V?$allocator@D@2@@std@@PAVObj@@@1@PAU?$_Tree_node@U?$pair@$$CBV?$basic_string@DU?$char_traits@D@std@@V?$allocator@D@2@@std@@PAVObj@@@std@@PAX@1@@Z 00403d30 f i parse.obj
 0001:00002f90       ??$_Insert_nohint@AAU?$pair@$$CBV?$basic_string@DU?$char_traits@D@std@@V?$allocator@D@2@@std@@PAVObj@@@std@@PAU?$_Tree_node@U?$pair@$$CBV?$basic_string@DU?$char_traits@D@std@@V?$allocator@D@2@@std@@PAVObj@@@std@@PAX@2@@?$_Tree@V?$_Tmap_traits@V?$basic_string@DU?$char_traits@D@std@@V?$allocator@D@2@@std@@PAVObj@@U?$less@V?$basic_string@DU?$char_traits@D@std@@V?$allocator@D@2@@std@@@2@V?$allocator@U?$pair@$$CBV?$basic_string@DU?$char_traits@D@std@@V?$allocator@D@2@@std@@PAVObj@@@std@@@2@$0A@@std@@@std@@IAE?AU?$pair@V?$_Tree_iterator@V?$_Tree_val@U?$_Tree_simple_types@U?$pair@$$CBV?$basic_string@DU?$char_traits@D@std@@V?$allocator@D@2@@std@@PAVObj@@@std@@@std@@@std@@@std@@_N@1@_NAAU?$pair@$$CBV?$basic_string@DU?$char_traits@D@std@@V?$allocator@D@2@@std@@PAVObj@@@1@PAU?$_Tree_node@U?$pair@$$CBV?$basic_string@DU?$char_traits@D@std@@V?$allocator@D@2@@std@@PAVObj@@@std@@PAX@1@@Z 00403f90 f i parse.obj
 0001:00003200       ??$_Lbound@V?$basic_string@DU?$char_traits@D@std@@V?$allocator@D@2@@std@@@?$_Tree@V?$_Tmap_traits@V?$basic_string@DU?$char_traits@D@std@@V?$allocator@D@2@@std@@PAVObj@@U?$less@V?$basic_string@DU?$char_traits@D@std@@V?$allocator@D@2@@std@@@2@V?$allocator@U?$pair@$$CBV?$basic_string@DU?$char_traits@D@std@@V?$allocator@D@2@@std@@PAVObj@@@std@@@2@$0A@@std@@@std@@IBEPAU?$_Tree_node@U?$pair@$$CBV?$basic_string@DU?$char_traits@D@std@@V?$allocator@D@2@@std@@PAVObj@@@std@@PAX@1@ABV?$basic_string@DU?$char_traits@D@std@@V?$allocator@D@2@@1@@Z 00404200 f i parse.obj
 0001:000032e0       ??$_Try_emplace@ABV?$basic_string@DU?$char_traits@D@std@@V?$allocator@D@2@@std@@$$V@?$map@V?$basic_string@DU?$char_traits@D@std@@V?$allocator@D@2@@std@@PAVObj@@U?$less@V?$basic_string@DU?$char_traits@D@std@@V?$allocator@D@2@@std@@@2@V?$allocator@U?$pair@$$CBV?$basic_string@DU?$char_traits@D@std@@V?$allocator@D@2@@std@@PAVObj@@@std@@@2@@std@@QAE?AU?$pair@V?$_Tree_iterator@V?$_Tree_val@U?$_Tree_simple_types@U?$pair@$$CBV?$basic_string@DU?$char_traits@D@std@@V?$allocator@D@2@@std@@PAVObj@@@std@@@std@@@std@@@std@@_N@1@ABV?$basic_string@DU?$char_traits@D@std@@V?$allocator@D@2@@1@@Z 004042e0 f i parse.obj
 0001:00003390       ??0?$basic_string@DU?$char_traits@D@std@@V?$allocator@D@2@@std@@QAE@PBD@Z 00404390 f i parse.obj
 0001:000033f0       ??0?$vector@PAVObj@@V?$allocator@PAVObj@@@std@@@std@@QAE@ABV01@@Z 004043f0 f i parse.obj
 0001:00003480       ??0Exception@@QAE@ABV0@@Z  00404480 f i parse.obj
 0001:000034b0       ??0IdObj@@QAE@ABV?$basic_string@DU?$char_traits@D@std@@V?$allocator@D@2@@std@@@Z 004044b0 f i parse.obj
 0001:00003520       ??0NamedObj@@QAE@ABV?$basic_string@DU?$char_traits@D@std@@V?$allocator@D@2@@std@@PAVObj@@@Z 00404520 f i parse.obj
 0001:00003590       ??0ObjTypeMismatch@@QAE@ABV0@@Z 00404590 f i parse.obj
 0001:000035c0       ??0ObjTypeMismatch@@QAE@V?$basic_string@DU?$char_traits@D@std@@V?$allocator@D@2@@std@@0@Z 004045c0 f i parse.obj
 0001:00003870       ??0ParseError@@QAE@ABV0@@Z 00404870 f i parse.obj
 0001:000038a0       ??1?$_Tree_comp_alloc@V?$_Tmap_traits@V?$basic_string@DU?$char_traits@D@std@@V?$allocator@D@2@@std@@PAVObj@@U?$less@V?$basic_string@DU?$char_traits@D@std@@V?$allocator@D@2@@std@@@2@V?$allocator@U?$pair@$$CBV?$basic_string@DU?$char_traits@D@std@@V?$allocator@D@2@@std@@PAVObj@@@std@@@2@$0A@@std@@@std@@QAE@XZ 004048a0 f i parse.obj
 0001:000038b0       ??1?$map@V?$basic_string@DU?$char_traits@D@std@@V?$allocator@D@2@@std@@PAVObj@@U?$less@V?$basic_string@DU?$char_traits@D@std@@V?$allocator@D@2@@std@@@2@V?$allocator@U?$pair@$$CBV?$basic_string@DU?$char_traits@D@std@@V?$allocator@D@2@@std@@PAVObj@@@std@@@2@@std@@QAE@XZ 004048b0 f i parse.obj
 0001:00003910       ??1?$vector@PAVObj@@V?$allocator@PAVObj@@@std@@@std@@QAE@XZ 00404910 f i parse.obj
 0001:00003950       ??1BooleanObj@@UAE@XZ      00404950 f i parse.obj
 0001:00003960       ??1DictObj@@UAE@XZ         00404960 f i parse.obj
 0001:00003a30       ??1IdObj@@UAE@XZ           00404a30 f i parse.obj
 0001:00003a80       ??1NamedObj@@UAE@XZ        00404a80 f i parse.obj
 0001:00003ae0       ??1Obj@@UAE@XZ             00404ae0 f i parse.obj
 0001:00003af0       ??1ObjTypeMismatch@@QAE@XZ 00404af0 f i parse.obj
 0001:00003b30       ??1ScalarObj@@UAE@XZ       00404b30 f i parse.obj
 0001:00003b40       ??1StringObj@@UAE@XZ       00404b40 f i parse.obj
 0001:00003b90       ??1TupleObj@@UAE@XZ        00404b90 f i parse.obj
 0001:00003c40       ??1_Sentry_base@?$basic_ostream@DU?$char_traits@D@std@@@std@@QAE@XZ 00404c40 f i parse.obj
 0001:00003c90       ??1sentry@?$basic_ostream@DU?$char_traits@D@std@@@std@@QAE@XZ 00404c90 f i parse.obj
 0001:00003d00       ??3@YAXPAX0@Z              00404d00 f i parse.obj
 0001:00003d10       ??E?$_Tree_unchecked_const_iterator@V?$_Tree_val@U?$_Tree_simple_types@U?$pair@$$CBV?$basic_string@DU?$char_traits@D@std@@V?$allocator@D@2@@std@@PAVObj@@@std@@@std@@@std@@U_Iterator_base0@2@@std@@QAEAAV01@XZ 00404d10 f i parse.obj
 0001:00003d60       ??F?$_Tree_unchecked_const_iterator@V?$_Tree_val@U?$_Tree_simple_types@U?$pair@$$CBV?$basic_string@DU?$char_traits@D@std@@V?$allocator@D@2@@std@@PAVObj@@@std@@@std@@@std@@U_Iterator_base0@2@@std@@QAEAAV01@XZ 00404d60 f i parse.obj
 0001:00003dc0       ??R?$less@V?$basic_string@DU?$char_traits@D@std@@V?$allocator@D@2@@std@@@std@@QBE_NABV?$basic_string@DU?$char_traits@D@std@@V?$allocator@D@2@@1@0@Z 00404dc0 f i parse.obj
 0001:00003e20       ??_EBooleanObj@@UAEPAXI@Z  00404e20 f i parse.obj
 0001:00003e20       ??_GBooleanObj@@UAEPAXI@Z  00404e20 f i parse.obj
 0001:00003e50       ??_GDictObj@@UAEPAXI@Z     00404e50 f i parse.obj
 0001:00003e50       ??_EDictObj@@UAEPAXI@Z     00404e50 f i parse.obj
 0001:00003e80       ??_EIdObj@@UAEPAXI@Z       00404e80 f i parse.obj
 0001:00003e80       ??_GIdObj@@UAEPAXI@Z       00404e80 f i parse.obj
 0001:00003ee0       ??_ENamedObj@@UAEPAXI@Z    00404ee0 f i parse.obj
 0001:00003ee0       ??_GNamedObj@@UAEPAXI@Z    00404ee0 f i parse.obj
 0001:00003f10       ??_EObj@@UAEPAXI@Z         00404f10 f i parse.obj
 0001:00003f10       ??_GObj@@UAEPAXI@Z         00404f10 f i parse.obj
 0001:00003f40       ??_GScalarObj@@UAEPAXI@Z   00404f40 f i parse.obj
 0001:00003f40       ??_EScalarObj@@UAEPAXI@Z   00404f40 f i parse.obj
 0001:00003f70       ??_EStringObj@@UAEPAXI@Z   00404f70 f i parse.obj
 0001:00003f70       ??_GStringObj@@UAEPAXI@Z   00404f70 f i parse.obj
 0001:00003fd0       ??_GTupleObj@@UAEPAXI@Z    00404fd0 f i parse.obj
 0001:00003fd0       ??_ETupleObj@@UAEPAXI@Z    00404fd0 f i parse.obj
 0001:00004000       ?_Assign_rv@?$basic_string@DU?$char_traits@D@std@@V?$allocator@D@2@@std@@QAEX$$QAV12@@Z 00405000 f i parse.obj
 0001:00004070       ?_Buyheadnode@?$_Tree_comp_alloc@V?$_Tmap_traits@V?$basic_string@DU?$char_traits@D@std@@V?$allocator@D@2@@std@@PAVObj@@U?$less@V?$basic_string@DU?$char_traits@D@std@@V?$allocator@D@2@@std@@@2@V?$allocator@U?$pair@$$CBV?$basic_string@DU?$char_traits@D@std@@V?$allocator@D@2@@std@@PAVObj@@@std@@@2@$0A@@std@@@std@@QAEPAU?$_Tree_node@U?$pair@$$CBV?$basic_string@DU?$char_traits@D@std@@V?$allocator@D@2@@std@@PAVObj@@@std@@PAX@2@XZ 00405070 f i parse.obj
 0001:000040a0       ?_Buynode0@?$_Tree_comp_alloc@V?$_Tmap_traits@V?$basic_string@DU?$char_traits@D@std@@V?$allocator@D@2@@std@@PAVObj@@U?$less@V?$basic_string@DU?$char_traits@D@std@@V?$allocator@D@2@@std@@@2@V?$allocator@U?$pair@$$CBV?$basic_string@DU?$char_traits@D@std@@V?$allocator@D@2@@std@@PAVObj@@@std@@@2@$0A@@std@@@std@@QAEPAU?$_Tree_node@U?$pair@$$CBV?$basic_string@DU?$char_traits@D@std@@V?$allocator@D@2@@std@@PAVObj@@@std@@PAX@2@XZ 004050a0 f i parse.obj
 0001:000040e0       ?_Chassign@?$basic_string@DU?$char_traits@D@std@@V?$allocator@D@2@@std@@QAEXIID@Z 004050e0 f i parse.obj
 0001:00004130       ?_Destroy_if_not_nil@?$_Tree@V?$_Tmap_traits@V?$basic_string@DU?$char_traits@D@std@@V?$allocator@D@2@@std@@PAVObj@@U?$less@V?$basic_string@DU?$char_traits@D@std@@V?$allocator@D@2@@std@@@2@V?$allocator@U?$pair@$$CBV?$basic_string@DU?$char_traits@D@std@@V?$allocator@D@2@@std@@PAVObj@@@std@@@2@$0A@@std@@@std@@IAEXPAU?$_Tree_node@U?$pair@$$CBV?$basic_string@DU?$char_traits@D@std@@V?$allocator@D@2@@std@@PAVObj@@@std@@PAX@2@@Z 00405130 f i parse.obj
 0001:00004180       ?_Erase@?$_Tree@V?$_Tmap_traits@V?$basic_string@DU?$char_traits@D@std@@V?$allocator@D@2@@std@@PAVObj@@U?$less@V?$basic_string@DU?$char_traits@D@std@@V?$allocator@D@2@@std@@@2@V?$allocator@U?$pair@$$CBV?$basic_string@DU?$char_traits@D@std@@V?$allocator@D@2@@std@@PAVObj@@@std@@@2@$0A@@std@@@std@@IAEXPAU?$_Tree_node@U?$pair@$$CBV?$basic_string@DU?$char_traits@D@std@@V?$allocator@D@2@@std@@PAVObj@@@std@@PAX@2@@Z 00405180 f i parse.obj
 0001:00004230       ?_Lrotate@?$_Tree@V?$_Tmap_traits@V?$basic_string@DU?$char_traits@D@std@@V?$allocator@D@2@@std@@PAVObj@@U?$less@V?$basic_string@DU?$char_traits@D@std@@V?$allocator@D@2@@std@@@2@V?$allocator@U?$pair@$$CBV?$basic_string@DU?$char_traits@D@std@@V?$allocator@D@2@@std@@PAVObj@@@std@@@2@$0A@@std@@@std@@IAEXPAU?$_Tree_node@U?$pair@$$CBV?$basic_string@DU?$char_traits@D@std@@V?$allocator@D@2@@std@@PAVObj@@@std@@PAX@2@@Z 00405230 f i parse.obj
 0001:00004290       ?_Reallocate@?$vector@PAVObj@@V?$allocator@PAVObj@@@std@@@std@@IAEXI@Z 00405290 f i parse.obj
 0001:000042f0       ?_Reserve@?$vector@PAVObj@@V?$allocator@PAVObj@@@std@@@std@@IAEXI@Z 004052f0 f i parse.obj
 0001:00004360       ?_Rrotate@?$_Tree@V?$_Tmap_traits@V?$basic_string@DU?$char_traits@D@std@@V?$allocator@D@2@@std@@PAVObj@@U?$less@V?$basic_string@DU?$char_traits@D@std@@V?$allocator@D@2@@std@@@2@V?$allocator@U?$pair@$$CBV?$basic_string@DU?$char_traits@D@std@@V?$allocator@D@2@@std@@PAVObj@@@std@@@2@$0A@@std@@@std@@IAEXPAU?$_Tree_node@U?$pair@$$CBV?$basic_string@DU?$char_traits@D@std@@V?$allocator@D@2@@std@@PAVObj@@@std@@PAX@2@@Z 00405360 f i parse.obj
 0001:000043c0       ?allocate@?$allocator@PAVObj@@@std@@QAEPAPAVObj@@I@Z 004053c0 f i parse.obj
 0001:00004430       ?append@?$basic_string@DU?$char_traits@D@std@@V?$allocator@D@2@@std@@QAEAAV12@ABV12@II@Z 00405430 f i parse.obj
 0001:00004520       ?append@?$basic_string@DU?$char_traits@D@std@@V?$allocator@D@2@@std@@QAEAAV12@ID@Z 00405520 f i parse.obj
 0001:000045d0       ?compare@?$char_traits@D@std@@SAHPBD0I@Z 004055d0 f i parse.obj
 0001:00004880       ?erase@?$_Tree@V?$_Tmap_traits@V?$basic_string@DU?$char_traits@D@std@@V?$allocator@D@2@@std@@PAVObj@@U?$less@V?$basic_string@DU?$char_traits@D@std@@V?$allocator@D@2@@std@@@2@V?$allocator@U?$pair@$$CBV?$basic_string@DU?$char_traits@D@std@@V?$allocator@D@2@@std@@PAVObj@@@std@@@2@$0A@@std@@@std@@QAE?AV?$_Tree_iterator@V?$_Tree_val@U?$_Tree_simple_types@U?$pair@$$CBV?$basic_string@DU?$char_traits@D@std@@V?$allocator@D@2@@std@@PAVObj@@@std@@@std@@@std@@@2@V?$_Tree_const_iterator@V?$_Tree_val@U?$_Tree_simple_types@U?$pair@$$CBV?$basic_string@DU?$char_traits@D@std@@V?$allocator@D@2@@std@@PAVObj@@@std@@@std@@@std@@@2@0@Z 00405880 f i parse.obj
 0001:00004970       ?erase@?$_Tree@V?$_Tmap_traits@V?$basic_string@DU?$char_traits@D@std@@V?$allocator@D@2@@std@@PAVObj@@U?$less@V?$basic_string@DU?$char_traits@D@std@@V?$allocator@D@2@@std@@@2@V?$allocator@U?$pair@$$CBV?$basic_string@DU?$char_traits@D@std@@V?$allocator@D@2@@std@@PAVObj@@@std@@@2@$0A@@std@@@std@@QAE?AV?$_Tree_iterator@V?$_Tree_val@U?$_Tree_simple_types@U?$pair@$$CBV?$basic_string@DU?$char_traits@D@std@@V?$allocator@D@2@@std@@PAVObj@@@std@@@std@@@std@@@2@V?$_Tree_const_iterator@V?$_Tree_val@U?$_Tree_simple_types@U?$pair@$$CBV?$basic_string@DU?$char_traits@D@std@@V?$allocator@D@2@@std@@PAVObj@@@std@@@std@@@std@@@2@@Z 00405970 f i parse.obj
 0001:00004c60       ?getBoolean@BooleanObj@@UBE_NXZ 00405c60 f i parse.obj
 0001:00004c70       ?getBoolean@Obj@@UBE_NXZ   00405c70 f i parse.obj
 0001:00004d00       ?getChild@NamedObj@@UBEPAVObj@@XZ 00405d00 f i parse.obj
 0001:00004d10       ?getChild@Obj@@UBEPAV1@XZ  00405d10 f i parse.obj
 0001:00004da0       ?getDict@DictObj@@UBEABV?$map@V?$basic_string@DU?$char_traits@D@std@@V?$allocator@D@2@@std@@PAVObj@@U?$less@V?$basic_string@DU?$char_traits@D@std@@V?$allocator@D@2@@std@@@2@V?$allocator@U?$pair@$$CBV?$basic_string@DU?$char_traits@D@std@@V?$allocator@D@2@@std@@PAVObj@@@std@@@2@@std@@XZ 00405da0 f i parse.obj
 0001:00004db0       ?getDict@Obj@@UBEABV?$map@V?$basic_string@DU?$char_traits@D@std@@V?$allocator@D@2@@std@@PAVObj@@U?$less@V?$basic_string@DU?$char_traits@D@std@@V?$allocator@D@2@@std@@@2@V?$allocator@U?$pair@$$CBV?$basic_string@DU?$char_traits@D@std@@V?$allocator@D@2@@std@@PAVObj@@@std@@@2@@std@@XZ 00405db0 f i parse.obj
 0001:00004e40       ?getID@IdObj@@UBE?AV?$basic_string@DU?$char_traits@D@std@@V?$allocator@D@2@@std@@XZ 00405e40 f i parse.obj
 0001:00004e80       ?getID@Obj@@UBE?AV?$basic_string@DU?$char_traits@D@std@@V?$allocator@D@2@@std@@XZ 00405e80 f i parse.obj
 0001:00004f10       ?getName@NamedObj@@UBE?AV?$basic_string@DU?$char_traits@D@std@@V?$allocator@D@2@@std@@XZ 00405f10 f i parse.obj
 0001:00004f50       ?getName@Obj@@UBE?AV?$basic_string@DU?$char_traits@D@std@@V?$allocator@D@2@@std@@XZ 00405f50 f i parse.obj
 0001:00004fe0       ?getScalar@Obj@@UBENXZ     00405fe0 f i parse.obj
 0001:00005070       ?getScalar@ScalarObj@@UBENXZ 00406070 f i parse.obj
 0001:00005080       ?getString@Obj@@UBE?AV?$basic_string@DU?$char_traits@D@std@@V?$allocator@D@2@@std@@XZ 00406080 f i parse.obj
 0001:00005110       ?getString@StringObj@@UBE?AV?$basic_string@DU?$char_traits@D@std@@V?$allocator@D@2@@std@@XZ 00406110 f i parse.obj
 0001:00005150       ?getTuple@Obj@@UBEABV?$vector@PAVObj@@V?$allocator@PAVObj@@@std@@@std@@XZ 00406150 f i parse.obj
 0001:000051e0       ?getTuple@TupleObj@@UBEABV?$vector@PAVObj@@V?$allocator@PAVObj@@@std@@@std@@XZ 004061e0 f i parse.obj
 0001:000051f0       ?getTypeName@BooleanObj@@UBE?AV?$basic_string@DU?$char_traits@D@std@@V?$allocator@D@2@@std@@XZ 004061f0 f i parse.obj
 0001:00005230       ?getTypeName@DictObj@@UBE?AV?$basic_string@DU?$char_traits@D@std@@V?$allocator@D@2@@std@@XZ 00406230 f i parse.obj
 0001:00005270       ?getTypeName@IdObj@@UBE?AV?$basic_string@DU?$char_traits@D@std@@V?$allocator@D@2@@std@@XZ 00406270 f i parse.obj
 0001:000052b0       ?getTypeName@NamedObj@@UBE?AV?$basic_string@DU?$char_traits@D@std@@V?$allocator@D@2@@std@@XZ 004062b0 f i parse.obj
 0001:000052f0       ?getTypeName@Obj@@UBE?AV?$basic_string@DU?$char_traits@D@std@@V?$allocator@D@2@@std@@XZ 004062f0 f i parse.obj
 0001:00005330       ?getTypeName@ScalarObj@@UBE?AV?$basic_string@DU?$char_traits@D@std@@V?$allocator@D@2@@std@@XZ 00406330 f i parse.obj
 0001:00005370       ?getTypeName@StringObj@@UBE?AV?$basic_string@DU?$char_traits@D@std@@V?$allocator@D@2@@std@@XZ 00406370 f i parse.obj
 0001:000053b0       ?getTypeName@TupleObj@@UBE?AV?$basic_string@DU?$char_traits@D@std@@V?$allocator@D@2@@std@@XZ 004063b0 f i parse.obj
 0001:000053f0       ?insert@?$basic_string@DU?$char_traits@D@std@@V?$allocator@D@2@@std@@QAEAAV12@IABV12@II@Z 004063f0 f i parse.obj
 0001:00005580       ?printOn@BooleanObj@@UBEXAAV?$basic_ostream@DU?$char_traits@D@std@@@std@@@Z 00406580 f i parse.obj
 0001:000055b0       ?printOn@DictObj@@UBEXAAV?$basic_ostream@DU?$char_traits@D@std@@@std@@@Z 004065b0 f i parse.obj
 0001:00005680       ?printOn@IdObj@@UBEXAAV?$basic_ostream@DU?$char_traits@D@std@@@std@@@Z 00406680 f i parse.obj
 0001:000056a0       ?printOn@NamedObj@@UBEXAAV?$basic_ostream@DU?$char_traits@D@std@@@std@@@Z 004066a0 f i parse.obj
 0001:000056d0       ?printOn@Obj@@UBEXAAV?$basic_ostream@DU?$char_traits@D@std@@@std@@@Z 004066d0 f i parse.obj
 0001:000056e0       ?printOn@ScalarObj@@UBEXAAV?$basic_ostream@DU?$char_traits@D@std@@@std@@@Z 004066e0 f i parse.obj
 0001:00005700       ?printOn@StringObj@@UBEXAAV?$basic_ostream@DU?$char_traits@D@std@@@std@@@Z 00406700 f i parse.obj
 0001:00005730       ?printOn@TupleObj@@UBEXAAV?$basic_ostream@DU?$char_traits@D@std@@@std@@@Z 00406730 f i parse.obj
 0001:00005af0       ?readFile@@YAPAVObj@@AAV?$basic_istream@DU?$char_traits@D@std@@@std@@@Z 00406af0 f   parse.obj
 0001:00006370       ??$?HDU?$char_traits@D@std@@V?$allocator@D@1@@std@@YA?AV?$basic_string@DU?$char_traits@D@std@@V?$allocator@D@2@@0@$$QAV10@PBD@Z 00407370 f i read.obj
 0001:000063d0       ??$_Buynode@ABQAVGeometry@@@?$_List_buy@PAVGeometry@@V?$allocator@PAVGeometry@@@std@@@std@@QAEPAU?$_List_node@PAVGeometry@@PAX@1@PAU21@0ABQAVGeometry@@@Z 004073d0 f i read.obj
 0001:000063f0       ??$_Buynode@ABQAVLight@@@?$_List_buy@PAVLight@@V?$allocator@PAVLight@@@std@@@std@@QAEPAU?$_List_node@PAVLight@@PAX@1@PAU21@0ABQAVLight@@@Z 004073f0 f i read.obj
 0001:00006410       ??$_Buynode@ABQAVTransformNode@@@?$_List_buy@PAVTransformNode@@V?$allocator@PAVTransformNode@@@std@@@std@@QAEPAU?$_List_node@PAVTransformNode@@PAX@1@PAU21@0ABQAVTransformNode@@@Z 00407410 f i read.obj
 0001:00006430       ??$_Buynode@ABUpiecewise_construct_t@std@@V?$tuple@ABV?$basic_string@DU?$char_traits@D@std@@V?$allocator@D@2@@std@@@2@V?$tuple@$$V@2@@?$_Tree_comp_alloc@V?$_Tmap_traits@V?$basic_string@DU?$char_traits@D@std@@V?$allocator@D@2@@std@@PAVMaterial@@U?$less@V?$basic_string@DU?$char_traits@D@std@@V?$allocator@D@2@@std@@@2@V?$allocator@U?$pair@$$CBV?$basic_string@DU?$char_traits@D@std@@V?$allocator@D@2@@std@@PAVMaterial@@@std@@@2@$0A@@std@@@std@@QAEPAU?$_Tree_node@U?$pair@$$CBV?$basic_string@DU?$char_traits@D@std@@V?$allocator@D@2@@std@@PAVMaterial@@@std@@PAX@1@ABUpiecewise_construct_t@1@$$QAV?$tuple@ABV?$basic_string@DU?$char_traits@D@std@@V?$allocator@D@2@@std@@@1@$$QAV?$tuple@$$V@1@@Z 00407430 f i read.obj
 0001:000064f0       ??$_Insert_at@AAU?$pair@$$CBV?$basic_string@DU?$char_traits@D@std@@V?$allocator@D@2@@std@@PAVMaterial@@@std@@PAU?$_Tree_node@U?$pair@$$CBV?$basic_string@DU?$char_traits@D@std@@V?$allocator@D@2@@std@@PAVMaterial@@@std@@PAX@2@@?$_Tree@V?$_Tmap_traits@V?$basic_string@DU?$char_traits@D@std@@V?$allocator@D@2@@std@@PAVMaterial@@U?$less@V?$basic_string@DU?$char_traits@D@std@@V?$allocator@D@2@@std@@@2@V?$allocator@U?$pair@$$CBV?$basic_string@DU?$char_traits@D@std@@V?$allocator@D@2@@std@@PAVMaterial@@@std@@@2@$0A@@std@@@std@@IAE?AV?$_Tree_iterator@V?$_Tree_val@U?$_Tree_simple_types@U?$pair@$$CBV?$basic_string@DU?$char_traits@D@std@@V?$allocator@D@2@@std@@PAVMaterial@@@std@@@std@@@std@@@1@_NPAU?$_Tree_node@U?$pair@$$CBV?$basic_string@DU?$char_traits@D@std@@V?$allocator@D@2@@std@@PAVMaterial@@@std@@PAX@1@AAU?$pair@$$CBV?$basic_string@DU?$char_traits@D@std@@V?$allocator@D@2@@std@@PAVMaterial@@@1@1@Z 004074f0 f i read.obj
 0001:000066c0       ??$_Insert_hint@AAU?$pair@$$CBV?$basic_string@DU?$char_traits@D@std@@V?$allocator@D@2@@std@@PAVMaterial@@@std@@PAU?$_Tree_node@U?$pair@$$CBV?$basic_string@DU?$char_traits@D@std@@V?$allocator@D@2@@std@@PAVMaterial@@@std@@PAX@2@@?$_Tree@V?$_Tmap_traits@V?$basic_string@DU?$char_traits@D@std@@V?$allocator@D@2@@std@@PAVMaterial@@U?$less@V?$basic_string@DU?$char_traits@D@std@@V?$allocator@D@2@@std@@@2@V?$allocator@U?$pair@$$CBV?$basic_string@DU?$char_traits@D@std@@V?$allocator@D@2@@std@@PAVMaterial@@@std@@@2@$0A@@std@@@std@@IAE?AV?$_Tree_iterator@V?$_Tree_val@U?$_Tree_simple_types@U?$pair@$$CBV?$basic_string@DU?$char_traits@D@std@@V?$allocator@D@2@@std@@PAVMaterial@@@std@@@std@@@std@@@1@V?$_Tree_const_iterator@V?$_Tree_val@U?$_Tree_simple_types@U?$pair@$$CBV?$basic_string@DU?$char_traits@D@std@@V?$allocator@D@2@@std@@PAVMaterial@@@std@@@std@@@std@@@1@AAU?$pair@$$CBV?$basic_string@DU?$char_traits@D@std@@V?$allocator@D@2@@std@@PAVMaterial@@@1@PAU?$_Tree_node@U?$pair@$$CBV?$basic_string@DU?$char_traits@D@std@@V?$allocator@D@2@@std@@PAVMaterial@@@std@@PAX@1@@Z 004076c0 f i read.obj
 0001:00006920       ??$_Insert_nohint@AAU?$pair@$$CBV?$basic_string@DU?$char_traits@D@std@@V?$allocator@D@2@@std@@PAVMaterial@@@std@@PAU?$_Tree_node@U?$pair@$$CBV?$basic_string@DU?$char_traits@D@std@@V?$allocator@D@2@@std@@PAVMaterial@@@std@@PAX@2@@?$_Tree@V?$_Tmap_traits@V?$basic_string@DU?$char_traits@D@std@@V?$allocator@D@2@@std@@PAVMaterial@@U?$less@V?$basic_string@DU?$char_traits@D@std@@V?$allocator@D@2@@std@@@2@V?$allocator@U?$pair@$$CBV?$basic_string@DU?$char_traits@D@std@@V?$allocator@D@2@@std@@PAVMaterial@@@std@@@2@$0A@@std@@@std@@IAE?AU?$pair@V?$_Tree_iterator@V?$_Tree_val@U?$_Tree_simple_types@U?$pair@$$CBV?$basic_string@DU?$char_traits@D@std@@V?$allocator@D@2@@std@@PAVMaterial@@@std@@@std@@@std@@@std@@_N@1@_NAAU?$pair@$$CBV?$basic_string@DU?$char_traits@D@std@@V?$allocator@D@2@@std@@PAVMaterial@@@1@PAU?$_Tree_node@U?$pair@$$CBV?$basic_string@DU?$char_traits@D@std@@V?$allocator@D@2@@std@@PAVMaterial@@@std@@PAX@1@@Z 00407920 f i read.obj
 0001:00006b90       ??$_Lbound@V?$basic_string@DU?$char_traits@D@std@@V?$allocator@D@2@@std@@@?$_Tree@V?$_Tmap_traits@V?$basic_string@DU?$char_traits@D@std@@V?$allocator@D@2@@std@@PAVMaterial@@U?$less@V?$basic_string@DU?$char_traits@D@std@@V?$allocator@D@2@@std@@@2@V?$allocator@U?$pair@$$CBV?$basic_string@DU?$char_traits@D@std@@V?$allocator@D@2@@std@@PAVMaterial@@@std@@@2@$0A@@std@@@std@@IBEPAU?$_Tree_node@U?$pair@$$CBV?$basic_string@DU?$char_traits@D@std@@V?$allocator@D@2@@std@@PAVMaterial@@@std@@PAX@1@ABV?$basic_string@DU?$char_traits@D@std@@V?$allocator@D@2@@1@@Z 00407b90 f i read.obj
 0001:00006c70       ??$_Try_emplace@ABV?$basic_string@DU?$char_traits@D@std@@V?$allocator@D@2@@std@@$$V@?$map@V?$basic_string@DU?$char_traits@D@std@@V?$allocator@D@2@@std@@PAVMaterial@@U?$less@V?$basic_string@DU?$char_traits@D@std@@V?$allocator@D@2@@std@@@2@V?$allocator@U?$pair@$$CBV?$basic_string@DU?$char_traits@D@std@@V?$allocator@D@2@@std@@PAVMaterial@@@std@@@2@@std@@QAE?AU?$pair@V?$_Tree_iterator@V?$_Tree_val@U?$_Tree_simple_types@U?$pair@$$CBV?$basic_string@DU?$char_traits@D@std@@V?$allocator@D@2@@std@@PAVMaterial@@@std@@@std@@@std@@@std@@_N@1@ABV?$basic_string@DU?$char_traits@D@std@@V?$allocator@D@2@@1@@Z 00407c70 f i read.obj
 0001:00006d20       ??$endl@DU?$char_traits@D@std@@@std@@YAAAV?$basic_ostream@DU?$char_traits@D@std@@@0@AAV10@@Z 00407d20 f i read.obj
 0001:00006d50       ??$ends@DU?$char_traits@D@std@@@std@@YAAAV?$basic_ostream@DU?$char_traits@D@std@@@0@AAV10@@Z 00407d50 f i read.obj
 0001:00006d70       ??$use_facet@V?$codecvt@DDU_Mbstatet@@@std@@@std@@YAABV?$codecvt@DDU_Mbstatet@@@0@ABVlocale@0@@Z 00407d70 f i read.obj
 0001:00006e70       ??0?$basic_ifstream@DU?$char_traits@D@std@@@std@@QAE@PBDHH@Z 00407e70 f i read.obj
 0001:00006f80       ??0?$basic_string@DU?$char_traits@D@std@@V?$allocator@D@2@@std@@QAE@ABV01@@Z 00407f80 f i read.obj
 0001:00006fb0       ??0?$fpos@U_Mbstatet@@@std@@QAE@U_Mbstatet@@_J@Z 00407fb0 f i read.obj
 0001:00006fe0       ??0Scene@@QAE@XZ           00407fe0 f i read.obj
 0001:00007180       ??0TransformNode@@IAE@PAV0@ABVmat4f@@@Z 00408180 f i read.obj
 0001:00007580       ??0bad_cast@std@@QAE@ABV01@@Z 00408580 f i read.obj
 0001:000075c0       ??0exception@std@@QAE@ABV01@@Z 004085c0 f i read.obj
 0001:000075f0       ??0mat4f@@QAE@ABVvec4f@@000@Z 004085f0 f i read.obj
 0001:000076c0       ??0ostrstream@std@@QAE@XZ  004086c0 f i read.obj
 0001:000077b0       ??0vec4f@@QAE@XZ           004087b0 f i read.obj
 0001:000077c0       ??1?$basic_filebuf@DU?$char_traits@D@std@@@std@@UAE@XZ 004087c0 f i read.obj
 0001:00007840       ??1?$basic_ifstream@DU?$char_traits@D@std@@@std@@UAE@XZ 00408840 f i read.obj
 0001:000078f0       ??1?$list@PAVGeometry@@V?$allocator@PAVGeometry@@@std@@@std@@QAE@XZ 004088f0 f i read.obj
 0001:00007940       ??1?$list@PAVLight@@V?$allocator@PAVLight@@@std@@@std@@QAE@XZ 00408940 f i read.obj
 0001:00007990       ??1?$list@PAVTransformNode@@V?$allocator@PAVTransformNode@@@std@@@std@@QAE@XZ 00408990 f i read.obj
 0001:000079e0       ??1?$map@V?$basic_string@DU?$char_traits@D@std@@V?$allocator@D@2@@std@@PAVMaterial@@U?$less@V?$basic_string@DU?$char_traits@D@std@@V?$allocator@D@2@@std@@@2@V?$allocator@U?$pair@$$CBV?$basic_string@DU?$char_traits@D@std@@V?$allocator@D@2@@std@@PAVMaterial@@@std@@@2@@std@@QAE@XZ 004089e0 f i read.obj
 0001:00007a40       ??1MaterialSceneObject@@UAE@XZ 00408a40 f i read.obj
 0001:00007a70       ??1SceneElement@@UAE@XZ    00408a70 f i read.obj
 0001:00007a80       ??1TransformNode@@QAE@XZ   00408a80 f i read.obj
 0001:00007b10       ??1TransformRoot@@QAE@XZ   00408b10 f i read.obj
 0001:00007b20       ??1bad_cast@std@@UAE@XZ    00408b20 f i read.obj
 0001:00007b40       ??1exception@std@@UAE@XZ   00408b40 f i read.obj
 0001:00007b60       ??1locale@std@@QAE@XZ      00408b60 f i read.obj
 0001:00007bb0       ??1ostrstream@std@@UAE@XZ  00408bb0 f i read.obj
 0001:00007c50       ??1strstreambuf@std@@UAE@XZ 00408c50 f i read.obj
 0001:00007cc0       ??4?$basic_string@DU?$char_traits@D@std@@V?$allocator@D@2@@std@@QAEAAV01@$$QAV01@@Z 00408cc0 f i read.obj
 0001:00007d40       ??6@YAAAV?$basic_ostream@DU?$char_traits@D@std@@@std@@AAV01@ABVException@@@Z 00408d40 f i read.obj
 0001:00007dc0       ??D@YA?AVmat4f@@ABV0@0@Z   00408dc0 f i read.obj
 0001:00008270       ??E?$_Tree_unchecked_const_iterator@V?$_Tree_val@U?$_Tree_simple_types@U?$pair@$$CBV?$basic_string@DU?$char_traits@D@std@@V?$allocator@D@2@@std@@PAVMaterial@@@std@@@std@@@std@@U_Iterator_base0@2@@std@@QAEAAV01@XZ 00409270 f i read.obj
 0001:000082c0       ??F?$_Tree_unchecked_const_iterator@V?$_Tree_val@U?$_Tree_simple_types@U?$pair@$$CBV?$basic_string@DU?$char_traits@D@std@@V?$allocator@D@2@@std@@PAVMaterial@@@std@@@std@@@std@@U_Iterator_base0@2@@std@@QAEAAV01@XZ 004092c0 f i read.obj
 0001:00008320       ??_D?$basic_ifstream@DU?$char_traits@D@std@@@std@@QAEXXZ 00409320 f i read.obj
 0001:00008340       ??_Dostrstream@std@@QAEXXZ 00409340 f i read.obj
 0001:00008354       ??_E?$basic_ifstream@DU?$char_traits@D@std@@@std@@$4PPPPPPPM@A@AEPAXI@Z 00409354 f i read.obj
 0001:0000835c       ??_Eostrstream@std@@$4PPPPPPPM@A@AEPAXI@Z 0040935c f i read.obj
 0001:00008370       ??_G?$basic_filebuf@DU?$char_traits@D@std@@@std@@UAEPAXI@Z 00409370 f i read.obj
 0001:00008370       ??_E?$basic_filebuf@DU?$char_traits@D@std@@@std@@UAEPAXI@Z 00409370 f i read.obj
 0001:00008410       ??_E?$basic_ifstream@DU?$char_traits@D@std@@@std@@UAEPAXI@Z 00409410 f i read.obj
 0001:00008410       ??_G?$basic_ifstream@DU?$char_traits@D@std@@@std@@UAEPAXI@Z 00409410 f i read.obj
 0001:00008450       ??_EBox@@UAEPAXI@Z         00409450 f i read.obj
 0001:00008450       ??_GBox@@UAEPAXI@Z         00409450 f i read.obj
 0001:00008490       ??_ECone@@UAEPAXI@Z        00409490 f i read.obj
 0001:00008490       ??_GCone@@UAEPAXI@Z        00409490 f i read.obj
 0001:000084e0       ??_GCylinder@@UAEPAXI@Z    004094e0 f i read.obj
 0001:000084e0       ??_ECylinder@@UAEPAXI@Z    004094e0 f i read.obj
 0001:00008520       ??_GDirectionalLight@@UAEPAXI@Z 00409520 f i read.obj
 0001:00008520       ??_EDirectionalLight@@UAEPAXI@Z 00409520 f i read.obj
 0001:00008550       ??_EGeometry@@UAEPAXI@Z    00409550 f i read.obj
 0001:00008550       ??_GGeometry@@UAEPAXI@Z    00409550 f i read.obj
 0001:00008580       ??_GLight@@UAEPAXI@Z       00409580 f i read.obj
 0001:00008580       ??_ELight@@UAEPAXI@Z       00409580 f i read.obj
 0001:000085b0       ??_EMaterialSceneObject@@UAEPAXI@Z 004095b0 f i read.obj
 0001:000085b0       ??_GMaterialSceneObject@@UAEPAXI@Z 004095b0 f i read.obj
 0001:000085f0       ??_GPointLight@@UAEPAXI@Z  004095f0 f i read.obj
 0001:000085f0       ??_EPointLight@@UAEPAXI@Z  004095f0 f i read.obj
 0001:00008620       ??_GScene@@UAEPAXI@Z       00409620 f i read.obj
 0001:00008620       ??_EScene@@UAEPAXI@Z       00409620 f i read.obj
 0001:00008650       ??_GSceneElement@@UAEPAXI@Z 00409650 f i read.obj
 0001:00008650       ??_ESceneElement@@UAEPAXI@Z 00409650 f i read.obj
 0001:00008680       ??_GSceneObject@@UAEPAXI@Z 00409680 f i read.obj
 0001:00008680       ??_ESceneObject@@UAEPAXI@Z 00409680 f i read.obj
 0001:000086b0       ??_GSphere@@UAEPAXI@Z      004096b0 f i read.obj
 0001:000086b0       ??_ESphere@@UAEPAXI@Z      004096b0 f i read.obj
 0001:000086f0       ??_GSquare@@UAEPAXI@Z      004096f0 f i read.obj
 0001:000086f0       ??_ESquare@@UAEPAXI@Z      004096f0 f i read.obj
 0001:00008730       ??_GTrimesh@@UAEPAXI@Z     00409730 f i read.obj
 0001:00008730       ??_ETrimesh@@UAEPAXI@Z     00409730 f i read.obj
 0001:00008760       ??_Gbad_cast@std@@UAEPAXI@Z 00409760 f i read.obj
 0001:00008760       ??_Ebad_cast@std@@UAEPAXI@Z 00409760 f i read.obj
 0001:000087a0       ??_Gexception@std@@UAEPAXI@Z 004097a0 f i read.obj
 0001:000087a0       ??_Eexception@std@@UAEPAXI@Z 004097a0 f i read.obj
 0001:000087e0       ??_Eostrstream@std@@UAEPAXI@Z 004097e0 f i read.obj
 0001:000087e0       ??_Gostrstream@std@@UAEPAXI@Z 004097e0 f i read.obj
 0001:00008820       ??_Estrstreambuf@std@@UAEPAXI@Z 00409820 f i read.obj
 0001:00008820       ??_Gstrstreambuf@std@@UAEPAXI@Z 00409820 f i read.obj
 0001:000088b0       ?ComputeBoundingBox@Geometry@@UAEXXZ 004098b0 f i read.obj
 0001:00008ef0       ?ComputeLocalBoundingBox@Box@@UAE?AVBoundingBox@@XZ 00409ef0 f i read.obj
 0001:00008f30       ?ComputeLocalBoundingBox@Cone@@UAE?AVBoundingBox@@XZ 00409f30 f i read.obj
 0001:00008f90       ?ComputeLocalBoundingBox@Cylinder@@UAE?AVBoundingBox@@XZ 00409f90 f i read.obj
 0001:00008fd0       ?ComputeLocalBoundingBox@Geometry@@UAE?AVBoundingBox@@XZ 00409fd0 f i read.obj
 0001:00009000       ?ComputeLocalBoundingBox@Sphere@@UAE?AVBoundingBox@@XZ 0040a000 f i read.obj
 0001:00009040       ?ComputeLocalBoundingBox@Square@@UAE?AVBoundingBox@@XZ 0040a040 f i read.obj
 0001:00009090       ?_Buyheadnode@?$_Tree_comp_alloc@V?$_Tmap_traits@V?$basic_string@DU?$char_traits@D@std@@V?$allocator@D@2@@std@@PAVMaterial@@U?$less@V?$basic_string@DU?$char_traits@D@std@@V?$allocator@D@2@@std@@@2@V?$allocator@U?$pair@$$CBV?$basic_string@DU?$char_traits@D@std@@V?$allocator@D@2@@std@@PAVMaterial@@@std@@@2@$0A@@std@@@std@@QAEPAU?$_Tree_node@U?$pair@$$CBV?$basic_string@DU?$char_traits@D@std@@V?$allocator@D@2@@std@@PAVMaterial@@@std@@PAX@2@XZ 0040a090 f i read.obj
 0001:000090c0       ?_Buynode0@?$_List_alloc@U?$_List_base_types@PAVGeometry@@V?$allocator@PAVGeometry@@@std@@@std@@@std@@QAEPAU?$_List_node@PAVGeometry@@PAX@2@PAU32@0@Z 0040a0c0 f i read.obj
 0001:00009100       ?_Buynode0@?$_List_alloc@U?$_List_base_types@PAVLight@@V?$allocator@PAVLight@@@std@@@std@@@std@@QAEPAU?$_List_node@PAVLight@@PAX@2@PAU32@0@Z 0040a100 f i read.obj
 0001:00009140       ?_Buynode0@?$_List_alloc@U?$_List_base_types@PAVTransformNode@@V?$allocator@PAVTransformNode@@@std@@@std@@@std@@QAEPAU?$_List_node@PAVTransformNode@@PAX@2@PAU32@0@Z 0040a140 f i read.obj
 0001:00009180       ?_Buynode0@?$_Tree_comp_alloc@V?$_Tmap_traits@V?$basic_string@DU?$char_traits@D@std@@V?$allocator@D@2@@std@@PAVMaterial@@U?$less@V?$basic_string@DU?$char_traits@D@std@@V?$allocator@D@2@@std@@@2@V?$allocator@U?$pair@$$CBV?$basic_string@DU?$char_traits@D@std@@V?$allocator@D@2@@std@@PAVMaterial@@@std@@@2@$0A@@std@@@std@@QAEPAU?$_Tree_node@U?$pair@$$CBV?$basic_string@DU?$char_traits@D@std@@V?$allocator@D@2@@std@@PAVMaterial@@@std@@PAX@2@XZ 0040a180 f i read.obj
 0001:000091c0       ?_Destroy_if_not_nil@?$_Tree@V?$_Tmap_traits@V?$basic_string@DU?$char_traits@D@std@@V?$allocator@D@2@@std@@PAVMaterial@@U?$less@V?$basic_string@DU?$char_traits@D@std@@V?$allocator@D@2@@std@@@2@V?$allocator@U?$pair@$$CBV?$basic_string@DU?$char_traits@D@std@@V?$allocator@D@2@@std@@PAVMaterial@@@std@@@2@$0A@@std@@@std@@IAEXPAU?$_Tree_node@U?$pair@$$CBV?$basic_string@DU?$char_traits@D@std@@V?$allocator@D@2@@std@@PAVMaterial@@@std@@PAX@2@@Z 0040a1c0 f i read.obj
 0001:00009210       ?_Endwrite@?$basic_filebuf@DU?$char_traits@D@std@@@std@@IAE_NXZ 0040a210 f i read.obj
 0001:00009380       ?_Erase@?$_Tree@V?$_Tmap_traits@V?$basic_string@DU?$char_traits@D@std@@V?$allocator@D@2@@std@@PAVMaterial@@U?$less@V?$basic_string@DU?$char_traits@D@std@@V?$allocator@D@2@@std@@@2@V?$allocator@U?$pair@$$CBV?$basic_string@DU?$char_traits@D@std@@V?$allocator@D@2@@std@@PAVMaterial@@@std@@@2@$0A@@std@@@std@@IAEXPAU?$_Tree_node@U?$pair@$$CBV?$basic_string@DU?$char_traits@D@std@@V?$allocator@D@2@@std@@PAVMaterial@@@std@@PAX@2@@Z 0040a380 f i read.obj
 0001:00009430       ?_Init@?$basic_filebuf@DU?$char_traits@D@std@@@std@@IAEXPAU_iobuf@@W4_Initfl@12@@Z 0040a430 f i read.obj
 0001:000094c0       ?_Lock@?$basic_filebuf@DU?$char_traits@D@std@@@std@@UAEXXZ 0040a4c0 f i read.obj
 0001:000094d0       ?_Lrotate@?$_Tree@V?$_Tmap_traits@V?$basic_string@DU?$char_traits@D@std@@V?$allocator@D@2@@std@@PAVMaterial@@U?$less@V?$basic_string@DU?$char_traits@D@std@@V?$allocator@D@2@@std@@@2@V?$allocator@U?$pair@$$CBV?$basic_string@DU?$char_traits@D@std@@V?$allocator@D@2@@std@@PAVMaterial@@@std@@@2@$0A@@std@@@std@@IAEXPAU?$_Tree_node@U?$pair@$$CBV?$basic_string@DU?$char_traits@D@std@@V?$allocator@D@2@@std@@PAVMaterial@@@std@@PAX@2@@Z 0040a4d0 f i read.obj
 0001:00009530       ?_Reset_back@?$basic_filebuf@DU?$char_traits@D@std@@@std@@AAEXXZ 0040a530 f i read.obj
 0001:00009560       ?_Rrotate@?$_Tree@V?$_Tmap_traits@V?$basic_string@DU?$char_traits@D@std@@V?$allocator@D@2@@std@@PAVMaterial@@U?$less@V?$basic_string@DU?$char_traits@D@std@@V?$allocator@D@2@@std@@@2@V?$allocator@U?$pair@$$CBV?$basic_string@DU?$char_traits@D@std@@V?$allocator@D@2@@std@@PAVMaterial@@@std@@@2@$0A@@std@@@std@@IAEXPAU?$_Tree_node@U?$pair@$$CBV?$basic_string@DU?$char_traits@D@std@@V?$allocator@D@2@@std@@PAVMaterial@@@std@@PAX@2@@Z 0040a560 f i read.obj
 0001:000095c0       ?_Set_back@?$basic_filebuf@DU?$char_traits@D@std@@@std@@AAEXXZ 0040a5c0 f i read.obj
 0001:00009600       ?_Unlock@?$basic_filebuf@DU?$char_traits@D@std@@@std@@UAEXXZ 0040a600 f i read.obj
 0001:00009610       ?add@Scene@@QAEXPAVGeometry@@@Z 0040a610 f i read.obj
 0001:00009670       ?add@Scene@@QAEXPAVLight@@@Z 0040a670 f i read.obj
 0001:000096c0       ?append@?$basic_string@DU?$char_traits@D@std@@V?$allocator@D@2@@std@@QAEAAV12@PBDI@Z 0040a6c0 f i read.obj
 0001:000097e0       ?close@?$basic_filebuf@DU?$char_traits@D@std@@@std@@QAEPAV12@XZ 0040a7e0 f i read.obj
 0001:00009850       ?createChild@TransformNode@@QAEPAV1@ABVmat4f@@@Z 0040a850 f i read.obj
 0001:00009910       ?erase@?$_Tree@V?$_Tmap_traits@V?$basic_string@DU?$char_traits@D@std@@V?$allocator@D@2@@std@@PAVMaterial@@U?$less@V?$basic_string@DU?$char_traits@D@std@@V?$allocator@D@2@@std@@@2@V?$allocator@U?$pair@$$CBV?$basic_string@DU?$char_traits@D@std@@V?$allocator@D@2@@std@@PAVMaterial@@@std@@@2@$0A@@std@@@std@@QAE?AV?$_Tree_iterator@V?$_Tree_val@U?$_Tree_simple_types@U?$pair@$$CBV?$basic_string@DU?$char_traits@D@std@@V?$allocator@D@2@@std@@PAVMaterial@@@std@@@std@@@std@@@2@V?$_Tree_const_iterator@V?$_Tree_val@U?$_Tree_simple_types@U?$pair@$$CBV?$basic_string@DU?$char_traits@D@std@@V?$allocator@D@2@@std@@PAVMaterial@@@std@@@std@@@std@@@2@0@Z 0040a910 f i read.obj
 0001:00009a00       ?erase@?$_Tree@V?$_Tmap_traits@V?$basic_string@DU?$char_traits@D@std@@V?$allocator@D@2@@std@@PAVMaterial@@U?$less@V?$basic_string@DU?$char_traits@D@std@@V?$allocator@D@2@@std@@@2@V?$allocator@U?$pair@$$CBV?$basic_string@DU?$char_traits@D@std@@V?$allocator@D@2@@std@@PAVMaterial@@@std@@@2@$0A@@std@@@std@@QAE?AV?$_Tree_iterator@V?$_Tree_val@U?$_Tree_simple_types@U?$pair@$$CBV?$basic_string@DU?$char_traits@D@std@@V?$allocator@D@2@@std@@PAVMaterial@@@std@@@std@@@std@@@2@V?$_Tree_const_iterator@V?$_Tree_val@U?$_Tree_simple_types@U?$pair@$$CBV?$basic_string@DU?$char_traits@D@std@@V?$allocator@D@2@@std@@PAVMaterial@@@std@@@std@@@std@@@2@@Z 0040aa00 f i read.obj
 0001:00009cf0       ?find@?$_Tree@V?$_Tmap_traits@V?$basic_string@DU?$char_traits@D@std@@V?$allocator@D@2@@std@@PAVMaterial@@U?$less@V?$basic_string@DU?$char_traits@D@std@@V?$allocator@D@2@@std@@@2@V?$allocator@U?$pair@$$CBV?$basic_string@DU?$char_traits@D@std@@V?$allocator@D@2@@std@@PAVMaterial@@@std@@@2@$0A@@std@@@std@@QBE?AV?$_Tree_const_iterator@V?$_Tree_val@U?$_Tree_simple_types@U?$pair@$$CBV?$basic_string@DU?$char_traits@D@std@@V?$allocator@D@2@@std@@PAVMaterial@@@std@@@std@@@std@@@2@ABV?$basic_string@DU?$char_traits@D@std@@V?$allocator@D@2@@2@@Z 0040acf0 f i read.obj
 0001:00009d80       ?find@?$_Tree@V?$_Tmap_traits@V?$basic_string@DU?$char_traits@D@std@@V?$allocator@D@2@@std@@PAVObj@@U?$less@V?$basic_string@DU?$char_traits@D@std@@V?$allocator@D@2@@std@@@2@V?$allocator@U?$pair@$$CBV?$basic_string@DU?$char_traits@D@std@@V?$allocator@D@2@@std@@PAVObj@@@std@@@2@$0A@@std@@@std@@QBE?AV?$_Tree_const_iterator@V?$_Tree_val@U?$_Tree_simple_types@U?$pair@$$CBV?$basic_string@DU?$char_traits@D@std@@V?$allocator@D@2@@std@@PAVObj@@@std@@@std@@@std@@@2@ABV?$basic_string@DU?$char_traits@D@std@@V?$allocator@D@2@@2@@Z 0040ad80 f i read.obj
 0001:0000a250       ?getMaterial@MaterialSceneObject@@UBEABVMaterial@@XZ 0040b250 f i read.obj
 0001:0000a260       ?getMsg@Exception@@QBE?AV?$basic_string@DU?$char_traits@D@std@@V?$allocator@D@2@@std@@XZ 0040b260 f i read.obj
 0001:0000a2a0       ?hasBoundingBoxCapability@Box@@UBE_NXZ 0040b2a0 f i read.obj
 0001:0000a2b0       ?hasBoundingBoxCapability@Cone@@UBE_NXZ 0040b2b0 f i read.obj
 0001:0000a2c0       ?hasBoundingBoxCapability@Cylinder@@UBE_NXZ 0040b2c0 f i read.obj
 0001:0000a2d0       ?hasBoundingBoxCapability@Sphere@@UBE_NXZ 0040b2d0 f i read.obj
 0001:0000a2e0       ?hasBoundingBoxCapability@Square@@UBE_NXZ 0040b2e0 f i read.obj
 0001:0000a2f0       ?imbue@?$basic_filebuf@DU?$char_traits@D@std@@@std@@MAEXABVlocale@2@@Z 0040b2f0 f i read.obj
 0001:0000a3f0       ?open@?$basic_filebuf@DU?$char_traits@D@std@@@std@@QAEPAV12@PBDHH@Z 0040b3f0 f i read.obj
 0001:0000a4d0       ?overflow@?$basic_filebuf@DU?$char_traits@D@std@@@std@@MAEHH@Z 0040b4d0 f i read.obj
 0001:0000a6e0       ?overflow@strstreambuf@std@@MAEHH@Z 0040b6e0 f i read.obj
 0001:0000a890       ?pbackfail@?$basic_filebuf@DU?$char_traits@D@std@@@std@@MAEHH@Z 0040b890 f i read.obj
 0001:0000a920       ?pbackfail@strstreambuf@std@@MAEHH@Z 0040b920 f i read.obj
 0001:0000d880       ?readScene@@YAPAVScene@@AAV?$basic_istream@DU?$char_traits@D@std@@@std@@@Z 0040e880 f   read.obj
 0001:0000db20       ?readScene@@YAPAVScene@@ABV?$basic_string@DU?$char_traits@D@std@@V?$allocator@D@2@@std@@@Z 0040eb20 f   read.obj
 0001:0000dc50       ?rotate@mat4f@@SA?AV1@ABVvec3f@@N@Z 0040ec50 f i read.obj
 0001:0000de50       ?seekoff@?$basic_filebuf@DU?$char_traits@D@std@@@std@@MAE?AV?$fpos@U_Mbstatet@@@2@_JHH@Z 0040ee50 f i read.obj
 0001:0000df50       ?seekoff@strstreambuf@std@@MAE?AV?$fpos@U_Mbstatet@@@2@_JHH@Z 0040ef50 f i read.obj
 0001:0000e0b0       ?seekpos@?$basic_filebuf@DU?$char_traits@D@std@@@std@@MAE?AV?$fpos@U_Mbstatet@@@2@V32@H@Z 0040f0b0 f i read.obj
 0001:0000e190       ?seekpos@strstreambuf@std@@MAE?AV?$fpos@U_Mbstatet@@@2@V32@H@Z 0040f190 f i read.obj
 0001:0000e280       ?setMaterial@MaterialSceneObject@@UAEXPAVMaterial@@@Z 0040f280 f i read.obj
 0001:0000e290       ?setbuf@?$basic_filebuf@DU?$char_traits@D@std@@@std@@MAEPAV?$basic_streambuf@DU?$char_traits@D@std@@@2@PAD_J@Z 0040f290 f i read.obj
 0001:0000e2e0       ?str@ostrstream@std@@QAEPADXZ 0040f2e0 f i read.obj
 0001:0000e320       ?sync@?$basic_filebuf@DU?$char_traits@D@std@@@std@@MAEHXZ 0040f320 f i read.obj
 0001:0000e3c0       ?uflow@?$basic_filebuf@DU?$char_traits@D@std@@@std@@MAEHXZ 0040f3c0 f i read.obj
 0001:0000e5c0       ?underflow@?$basic_filebuf@DU?$char_traits@D@std@@@std@@MAEHXZ 0040f5c0 f i read.obj
 0001:0000e600       ?underflow@strstreambuf@std@@MAEHXZ 0040f600 f i read.obj
 0001:0000e7d0       ?what@exception@std@@UBEPBDXZ 0040f7d0 f i read.obj
 0001:0000e880       ?inverse@mat3f@@QBE?AV1@XZ 0040f880 f   vecmath.obj
 0001:0000ec80       ?inverse@mat4f@@QBE?AV1@XZ 0040fc80 f   vecmath.obj
 0001:0000f0e0       ??0Camera@@QAE@XZ          004100e0 f   camera.obj
 0001:0000f180       ?rayThrough@Camera@@QAEXNNAAVray@@@Z 00410180 f   camera.obj
 0001:0000f2a0       ?setAspectRatio@Camera@@QAEXN@Z 004102a0 f   camera.obj
 0001:0000f440       ?setEye@Camera@@QAEXABVvec3f@@@Z 00410440 f   camera.obj
 0001:0000f470       ?setFOV@Camera@@QAEXN@Z    00410470 f   camera.obj
 0001:0000f630       ?setLook@Camera@@QAEXABVvec3f@@0@Z 00410630 f   camera.obj
 0001:0000f870       ?setLook@Camera@@QAEXNNNN@Z 00410870 f   camera.obj
 0001:0000fb10       ?update@Camera@@AAEXXZ     00410b10 f   camera.obj
 0001:0000fca0       ?distanceAttenuation@DirectionalLight@@UBENABVvec3f@@@Z 00410ca0 f   light.obj
 0001:0000fcb0       ?distanceAttenuation@PointLight@@UBENABVvec3f@@@Z 00410cb0 f   light.obj
 0001:0000fcc0       ?getColor@DirectionalLight@@UBE?AVvec3f@@ABV2@@Z 00410cc0 f   light.obj
 0001:0000fce0       ?getColor@PointLight@@UBE?AVvec3f@@ABV2@@Z 00410ce0 f   light.obj
 0001:0000fd00       ?getDirection@DirectionalLight@@UBE?AVvec3f@@ABV2@@Z 00410d00 f   light.obj
 0001:0000fd30       ?getDirection@PointLight@@UBE?AVvec3f@@ABV2@@Z 00410d30 f   light.obj
 0001:0000fdc0       ?shadowAttenuation@DirectionalLight@@UBE?AVvec3f@@ABV2@@Z 00410dc0 f   light.obj
 0001:0000fde0       ?shadowAttenuation@PointLight@@UBE?AVvec3f@@ABV2@@Z 00410de0 f   light.obj
 0001:0000fe00       ?shade@Material@@UBE?AVvec3f@@PAVScene@@ABVray@@ABVisect@@@Z 00410e00 f   material.obj
 0001:0000fe20       ?getMaterial@isect@@QBEABVMaterial@@XZ 00410e20 f   ray.obj
 0001:0000fe30       ??0Material@@QAE@ABV0@@Z   00410e30 f i scene.obj
 0001:0000ff30       ??1Scene@@UAE@XZ           00410f30 f   scene.obj
 0001:00010110       ??4BoundingBox@@QAEXABV0@@Z 00411110 f   scene.obj
 0001:00010160       ??4Material@@QAEAAV0@ABV0@@Z 00411160 f i scene.obj
 0001:00010260       ??4isect@@QAEAAV0@ABV0@@Z  00411260 f i scene.obj
 0001:00010300       ?hasBoundingBoxCapability@Geometry@@UBE_NXZ 00411300 f   scene.obj
 0001:00010310       ?initScene@Scene@@QAEXXZ   00411310 f   scene.obj
 0001:000104e0       ?intersect@BoundingBox@@QBE_NABVray@@AAN1@Z 004114e0 f   scene.obj
 0001:000105f0       ?intersect@Geometry@@UBE_NABVray@@AAVisect@@@Z 004115f0 f   scene.obj
 0001:00010940       ?intersect@Scene@@QBE_NABVray@@AAVisect@@@Z 00411940 f   scene.obj
 0001:00010cd0       ?intersectLocal@Geometry@@UBE_NABVray@@AAVisect@@@Z 00411cd0 f   scene.obj
 0001:00010ce0       ?intersects@BoundingBox@@QBE_NABV1@@Z 00411ce0 f   scene.obj
 0001:00010d70       ?intersects@BoundingBox@@QBE_NABVvec3f@@@Z 00411d70 f   scene.obj
 0001:00010df0       ?intersectLocal@Box@@UBE_NABVray@@AAVisect@@@Z 00411df0 f   Box.obj
 0001:00010e00       ?intersectBody@Cone@@QBE_NABVray@@AAVisect@@@Z 00411e00 f   Cone.obj
 0001:00011150       ?intersectCaps@Cone@@QBE_NABVray@@AAVisect@@@Z 00412150 f   Cone.obj
 0001:000112f0       ?intersectLocal@Cone@@UBE_NABVray@@AAVisect@@@Z 004122f0 f   Cone.obj
 0001:000113c0       ?intersectBody@Cylinder@@QBE_NABVray@@AAVisect@@@Z 004123c0 f   Cylinder.obj
 0001:000116a0       ?intersectCaps@Cylinder@@QBE_NABVray@@AAVisect@@@Z 004126a0 f   Cylinder.obj
 0001:00011800       ?intersectLocal@Cylinder@@UBE_NABVray@@AAVisect@@@Z 00412800 f   Cylinder.obj
 0001:000118d0       ?intersectLocal@Sphere@@UBE_NABVray@@AAVisect@@@Z 004128d0 f   Sphere.obj
 0001:00011ac0       ?intersectLocal@Square@@UBE_NABVray@@AAVisect@@@Z 00412ac0 f   Square.obj
 0001:00011b90       ??$_Uninitialized_default_fill_n1@PAVvec3f@@IV?$allocator@Vvec3f@@@std@@@std@@YAXPAVvec3f@@IAAU?$_Wrap_alloc@V?$allocator@Vvec3f@@@std@@@0@U?$integral_constant@_N$0A@@0@@Z 00412b90 f i trimesh.obj
 0001:00011bc0       ??$_Uninitialized_move_al_unchecked1@PAVvec3f@@PAV1@V?$allocator@Vvec3f@@@std@@@std@@YAPAVvec3f@@PAV1@00AAU?$_Wrap_alloc@V?$allocator@Vvec3f@@@std@@@0@U_General_ptr_iterator_tag@0@U_Any_tag@0@@Z 00412bc0 f i trimesh.obj
 0001:00011c00       ??1Trimesh@@UAE@XZ         00412c00 f   trimesh.obj
 0001:00011e60       ??D@YA?AVMaterial@@NV0@@Z  00412e60 f i trimesh.obj
 0001:00012000       ??YMaterial@@QAEAAV0@ABV0@@Z 00413000 f i trimesh.obj
 0001:00012170       ??_ETrimeshFace@@UAEPAXI@Z 00413170 f i trimesh.obj
 0001:00012170       ??_GTrimeshFace@@UAEPAXI@Z 00413170 f i trimesh.obj
 0001:000121b0       ?ComputeLocalBoundingBox@TrimeshFace@@UAE?AVBoundingBox@@XZ 004131b0 f i trimesh.obj
 0001:000122d0       ?_Reallocate@?$vector@PAVMaterial@@V?$allocator@PAVMaterial@@@std@@@std@@IAEXI@Z 004132d0 f i trimesh.obj
 0001:00012330       ?_Reallocate@?$vector@PAVTrimeshFace@@V?$allocator@PAVTrimeshFace@@@std@@@std@@IAEXI@Z 00413330 f i trimesh.obj
 0001:00012390       ?_Reallocate@?$vector@Vvec3f@@V?$allocator@Vvec3f@@@std@@@std@@IAEXI@Z 00413390 f i trimesh.obj
 0001:00012470       ?_Reserve@?$vector@PAVMaterial@@V?$allocator@PAVMaterial@@@std@@@std@@IAEXI@Z 00413470 f i trimesh.obj
 0001:000124e0       ?_Reserve@?$vector@PAVTrimeshFace@@V?$allocator@PAVTrimeshFace@@@std@@@std@@IAEXI@Z 004134e0 f i trimesh.obj
 0001:00012550       ?_Reserve@?$vector@Vvec3f@@V?$allocator@Vvec3f@@@std@@@std@@IAEXI@Z 00413550 f i trimesh.obj
 0001:000125f0       ?_Tidy@?$vector@Vvec3f@@V?$allocator@Vvec3f@@@std@@@std@@IAEXXZ 004135f0 f i trimesh.obj
 0001:00012640       ?addFace@Trimesh@@QAE_NHHH@Z 00413640 f   trimesh.obj
 0001:00012760       ?addMaterial@Trimesh@@QAEXPAVMaterial@@@Z 00413760 f   trimesh.obj
 0001:00012780       ?addNormal@Trimesh@@QAEXABVvec3f@@@Z 00413780 f   trimesh.obj
 0001:00012790       ?addVertex@Trimesh@@QAEXABVvec3f@@@Z 00413790 f   trimesh.obj
 0001:000127a0       ?allocate@?$allocator@PAVMaterial@@@std@@QAEPAPAVMaterial@@I@Z 004137a0 f i trimesh.obj
 0001:00012810       ?allocate@?$allocator@PAVTrimeshFace@@@std@@QAEPAPAVTrimeshFace@@I@Z 00413810 f i trimesh.obj
 0001:00012880       ?allocate@?$allocator@Vvec3f@@@std@@QAEPAVvec3f@@I@Z 00413880 f i trimesh.obj
 0001:000128f0       ?doubleCheck@Trimesh@@QAEPADXZ 004138f0 f   trimesh.obj
 0001:00012990       ?generateNormals@Trimesh@@QAEXXZ 00413990 f   trimesh.obj
 0001:00012c20       ?hasBoundingBoxCapability@TrimeshFace@@UBE_NXZ 00413c20 f i trimesh.obj
 0001:00012c30       ?intersectLocal@TrimeshFace@@UBE_NABVray@@AAVisect@@@Z 00413c30 f   trimesh.obj
 0001:00013370       ?push_back@?$vector@PAVMaterial@@V?$allocator@PAVMaterial@@@std@@@std@@QAEXABQAVMaterial@@@Z 00414370 f i trimesh.obj
 0001:000133e0       ?push_back@?$vector@PAVTrimeshFace@@V?$allocator@PAVTrimeshFace@@@std@@@std@@QAEXABQAVTrimeshFace@@@Z 004143e0 f i trimesh.obj
 0001:00013450       ?push_back@?$vector@Vvec3f@@V?$allocator@Vvec3f@@@std@@@std@@QAEXABVvec3f@@@Z 00414450 f i trimesh.obj
 0001:00013500       ?resize@?$vector@Vvec3f@@V?$allocator@Vvec3f@@@std@@@std@@QAEXI@Z 00414500 f i trimesh.obj
 0001:00013600       ?visual@Fl@@SAHH@Z         00414600 f   fltk:Fl_visual.obj
 0001:00013660       ?option@Fl@@SA_NW4Fl_Option@1@@Z 00414660 f   fltk:Fl.obj
 0001:000138f0       ?option@Fl@@SAXW4Fl_Option@1@_N@Z 004148f0 f   fltk:Fl.obj
 0001:00013930       ?version@Fl@@SANXZ         00414930 f   fltk:Fl.obj
 0001:00013940       ?scrollbar_size@Fl@@SAHXZ  00414940 f   fltk:Fl.obj
 0001:00013950       ?scrollbar_size@Fl@@SAXH@Z 00414950 f   fltk:Fl.obj
 0001:00013960       ?wait@Fl@@SAHXZ            00414960 f   fltk:Fl.obj
 0001:000139b0       ?wait@Fl@@SANN@Z           004149b0 f   fltk:Fl.obj
 0001:000139e0       ?check@Fl@@SAHXZ           004149e0 f   fltk:Fl.obj
 0001:00013a20       ?ready@Fl@@SAHXZ           00414a20 f   fltk:Fl.obj
 0001:00013a30       ?run@Fl@@SAHXZ             00414a30 f   fltk:Fl.obj
 0001:00013a60       ?add_timeout@Fl@@SAXNP6AXPAX@Z0@Z 00414a60 f   fltk:Fl.obj
 0001:00013a90       ?repeat_timeout@Fl@@SAXNP6AXPAX@Z0@Z 00414a90 f   fltk:Fl.obj
 0001:00013c40       ?has_timeout@Fl@@SAHP6AXPAX@Z0@Z 00414c40 f   fltk:Fl.obj
 0001:00013ca0       ?remove_timeout@Fl@@SAXP6AXPAX@Z0@Z 00414ca0 f   fltk:Fl.obj
 0001:00013d10       ?add_check@Fl@@SAXP6AXPAX@Z0@Z 00414d10 f   fltk:Fl.obj
 0001:00013d90       ?has_check@Fl@@SAHP6AXPAX@Z0@Z 00414d90 f   fltk:Fl.obj
 0001:00013de0       ?remove_check@Fl@@SAXP6AXPAX@Z0@Z 00414de0 f   fltk:Fl.obj
 0001:00013e60       ?add_fd@Fl@@SAXHHP6AXHPAX@Z0@Z 00414e60 f   fltk:Fl.obj
 0001:00014130       ?add_fd@Fl@@SAXHP6AXHPAX@Z0@Z 00415130 f   fltk:Fl.obj
 0001:00014150       ?remove_fd@Fl@@SAXHH@Z     00415150 f   fltk:Fl.obj
 0001:00014450       ?remove_fd@Fl@@SAXH@Z      00415450 f   fltk:Fl.obj
 0001:00014470       ?redraw@Fl@@SAXXZ          00415470 f   fltk:Fl.obj
 0001:000144a0       ?flush@Fl@@SAXXZ           004154a0 f   fltk:Fl.obj
 0001:00014570       ?first_window@Fl@@SAPAVFl_Window@@XZ 00415570 f   fltk:Fl.obj
 0001:000145a0       ?first_window@Fl@@SAXPAVFl_Window@@@Z 004155a0 f   fltk:Fl.obj
 0001:000145f0       ?next_window@Fl@@SAPAVFl_Window@@PBV2@@Z 004155f0 f   fltk:Fl.obj
 0001:00014630       ?get_mouse@Fl@@SAXAAH0@Z   00415630 f   fltk:Fl.obj
 0001:00014660       ?event_inside@Fl@@SAHHHHH@Z 00415660 f   fltk:Fl.obj
 0001:000146b0       ?event_inside@Fl@@SAHPBVFl_Widget@@@Z 004156b0 f   fltk:Fl.obj
 0001:00014730       ?enable_im@Fl@@SAXXZ       00415730 f   fltk:Fl.obj
 0001:00014770       ?disable_im@Fl@@SAXXZ      00415770 f   fltk:Fl.obj
 0001:000147b0       ?handle@Fl@@SAHHPAVFl_Window@@@Z 004157b0 f   fltk:Fl.obj
 0001:000147f0       ?handle_@Fl@@SAHHPAVFl_Window@@@Z 004157f0 f   fltk:Fl.obj
 0001:00014ed0       ?belowmouse@Fl@@SAXPAVFl_Widget@@@Z 00415ed0 f   fltk:Fl.obj
 0001:00014f70       ?pushed@Fl@@SAXPAVFl_Widget@@@Z 00415f70 f   fltk:Fl.obj
 0001:00014f80       ?focus@Fl@@SAXPAVFl_Widget@@@Z 00415f80 f   fltk:Fl.obj
 0001:00015080       ?add_handler@Fl@@SAXP6AHH@Z@Z 00416080 f   fltk:Fl.obj
 0001:000150c0       ?remove_handler@Fl@@SAXP6AHH@Z@Z 004160c0 f   fltk:Fl.obj
 0001:00015140       ?add_system_handler@Fl@@SAXP6AHPAX0@Z0@Z 00416140 f   fltk:Fl.obj
 0001:00015190       ?remove_system_handler@Fl@@SAXP6AHPAX0@Z@Z 00416190 f   fltk:Fl.obj
 0001:00015210       ?event_dispatch@Fl@@SAXP6AHHPAVFl_Window@@@Z@Z 00416210 f   fltk:Fl.obj
 0001:00015220       ?event_dispatch@Fl@@SAP6AHHPAVFl_Window@@@ZXZ 00416220 f   fltk:Fl.obj
 0001:00015230       ?copy@Fl@@SAXPBDHH0@Z      00416230 f   fltk:Fl.obj
 0001:00015360       ?copy@Fl@@SAXPBDHH@Z       00416360 f   fltk:Fl.obj
 0001:00015380       ?paste@Fl@@SAXAAVFl_Widget@@HPBD@Z 00416380 f   fltk:Fl.obj
 0001:00016070       ?paste@Fl@@SAXAAVFl_Widget@@H@Z 00417070 f   fltk:Fl.obj
 0001:00016090       ?add_clipboard_notify@Fl@@SAXP6AXHPAX@Z0@Z 00417090 f   fltk:Fl.obj
 0001:000160f0       ?remove_clipboard_notify@Fl@@SAXP6AXHPAX@Z@Z 004170f0 f   fltk:Fl.obj
 0001:00016160       ?clipboard_contains@Fl@@SAHPBD@Z 00417160 f   fltk:Fl.obj
 0001:00016210       ?selection_owner@Fl@@SAXPAVFl_Widget@@@Z 00417210 f   fltk:Fl.obj
 0001:00016220       ?selection@Fl@@SAXAAVFl_Widget@@PBDH@Z 00417220 f   fltk:Fl.obj
 0001:00016240       ?paste@Fl@@SAXAAVFl_Widget@@@Z 00417240 f   fltk:Fl.obj
 0001:00016260       ?x@Fl@@SAHXZ               00417260 f   fltk:Fl.obj
 0001:000162a0       ?y@Fl@@SAHXZ               004172a0 f   fltk:Fl.obj
 0001:000162e0       ?w@Fl@@SAHXZ               004172e0 f   fltk:Fl.obj
 0001:00016320       ?h@Fl@@SAHXZ               00417320 f   fltk:Fl.obj
 0001:00016360       ?thread_message@Fl@@SAPAXXZ 00417360 f   fltk:Fl.obj
 0001:00016380       ?delete_widget@Fl@@SAXPAVFl_Widget@@@Z 00417380 f   fltk:Fl.obj
 0001:00016480       ?do_widget_deletion@Fl@@SAXXZ 00417480 f   fltk:Fl.obj
 0001:00016500       ?watch_widget_pointer@Fl@@SAXAAPAVFl_Widget@@@Z 00417500 f   fltk:Fl.obj
 0001:000165a0       ?release_widget_pointer@Fl@@SAXAAPAVFl_Widget@@@Z 004175a0 f   fltk:Fl.obj
 0001:00016620       ?clear_widget_pointer@Fl@@SAXPBVFl_Widget@@@Z 00417620 f   fltk:Fl.obj
 0001:00016690       ??0Fl_Widget_Tracker@@QAE@PAVFl_Widget@@@Z 00417690 f   fltk:Fl.obj
 0001:000166c0       ??1Fl_Widget_Tracker@@QAE@XZ 004176c0 f   fltk:Fl.obj
 0001:00016710       ?redraw@Fl_Widget@@QAEXXZ  00417710 f   fltk:Fl.obj
 0001:00016730       ?redraw_label@Fl_Widget@@QAEXXZ 00417730 f   fltk:Fl.obj
 0001:00016d30       ?damage@Fl_Widget@@QAEXE@Z 00417d30 f   fltk:Fl.obj
 0001:00016df0       ?damage@Fl_Widget@@QAEXEHHHH@Z 00417df0 f   fltk:Fl.obj
 0001:00016fe0       ?size_range_@Fl_Window@@AAEXXZ 00417fe0 f   fltk:Fl.obj
 0001:00017000       ?fullscreen_x@Fl_Window@@AAEXXZ 00418000 f   fltk:Fl.obj
 0001:00017070       ?fullscreen_off_x@Fl_Window@@AAEXHHHH@Z 00418070 f   fltk:Fl.obj
 0001:00017250       ?flush@Fl_Window@@MAEXXZ   00418250 f   fltk:Fl.obj
 0001:000172c0       ?handle@Fl_Window@@UAEHH@Z 004182c0 f   fltk:Fl.obj
 0001:00017430       ?resize@Fl_Window@@UAEXHHHH@Z 00418430 f   fltk:Fl.obj
 0001:00017710       ?label@Fl_Window@@QAEXPBD0@Z 00418710 f   fltk:Fl.obj
 0001:00017800       ?default_icons@Fl_Window@@SAXPAUHICON__@@0@Z 00418800 f   fltk:Fl.obj
 0001:00017820       ?icons@Fl_Window@@QAEXPAUHICON__@@0@Z 00418820 f   fltk:Fl.obj
 0001:00017880       ?show@Fl_Window@@UAEXXZ    00418880 f   fltk:Fl.obj
 0001:00017940       ?hide@Fl_Window@@UAEXXZ    00418940 f   fltk:Fl.obj
 0001:00017da0       ?make_current@Fl_Window@@QAEXXZ 00418da0 f   fltk:Fl.obj
 0001:00017e00       ?decorated_w@Fl_Window@@QAEHXZ 00418e00 f   fltk:Fl.obj
 0001:00017ed0       ?decorated_h@Fl_Window@@QAEHXZ 00418ed0 f   fltk:Fl.obj
 0001:00017fa0       ?XRectangleRegion@@YAPAUHRGN__@@HHHH@Z 00418fa0 f   fltk:Fl.obj
 0001:00018050       ?fake_X_wm@Fl_X@@SAHPBVFl_Window@@AAH1111@Z 00419050 f   fltk:Fl.obj
 0001:00018780       ?make_fullscreen@Fl_X@@QAEXHHHH@Z 00419780 f   fltk:Fl.obj
 0001:000188e0       ?set_minmax@Fl_X@@QAEXPAUtagMINMAXINFO@@@Z 004198e0 f   fltk:Fl.obj
 0001:000189d0       ?set_default_icons@Fl_X@@SAXQAPBVFl_RGB_Image@@H@Z 004199d0 f   fltk:Fl.obj
 0001:00018a90       ?set_default_icons@Fl_X@@SAXPAUHICON__@@0@Z 00419a90 f   fltk:Fl.obj
 0001:00018b00       ?set_icons@Fl_X@@QAEXXZ    00419b00 f   fltk:Fl.obj
 0001:00018ca0       ?set_cursor@Fl_X@@QAEHW4Fl_Cursor@@@Z 00419ca0 f   fltk:Fl.obj
 0001:00018e30       ?set_cursor@Fl_X@@QAEHPBVFl_RGB_Image@@HH@Z 00419e30 f   fltk:Fl.obj
 0001:00018eb0       ?make@Fl_X@@SAPAV1@PAVFl_Window@@@Z 00419eb0 f   fltk:Fl.obj
 0001:00019b50       ?fl_release_dc@@YAXPAUHWND__@@PAUHDC__@@@Z 0041ab50 f   fltk:Fl.obj
 0001:00019bf0       ?fl_save_dc@@YAXPAUHWND__@@PAUHDC__@@@Z 0041abf0 f   fltk:Fl.obj
 0001:00019c60       ?fl_open_display@@YAXXZ    0041ac60 f   fltk:Fl.obj
 0001:00019c90       ?fl_find@@YAPAVFl_Window@@PAUHWND__@@@Z 0041ac90 f   fltk:Fl.obj
 0001:00019d10       ?fl_GetDC@@YAPAUHDC__@@PAUHWND__@@@Z 0041ad10 f   fltk:Fl.obj
 0001:00019db0       ?fl_free_fonts@@YAXXZ      0041adb0 f   fltk:Fl.obj
 0001:00019e70       ?fl_cleanup_dc_list@@YAXXZ 0041ae70 f   fltk:Fl.obj
 0001:00019f40       ?fl_clipboard_notify_change@@YAXXZ 0041af40 f   fltk:Fl.obj
 0001:00019fc0       ?fl_clipboard_notify_empty@@YA_NXZ 0041afc0 f   fltk:Fl.obj
 0001:00019ff0       ?fl_trigger_clipboard_notify@@YAXH@Z 0041aff0 f   fltk:Fl.obj
 0001:0001a030       ?fl_ready@@YAHXZ           0041b030 f   fltk:Fl.obj
 0001:0001a110       ?fl_wait@@YAHN@Z           0041b110 f   fltk:Fl.obj
 0001:0001a520       ?fl_send_system_handlers@@YAHPAX@Z 0041b520 f   fltk:Fl.obj
 0001:0001a580       ?fl_fix_focus@@YAXXZ       0041b580 f   fltk:Fl.obj
 0001:0001a760       ?fl_throw_focus@@YAXPAVFl_Widget@@@Z 0041b760 f   fltk:Fl.obj
 0001:0001a930       ?fl_clipboard_notify_retarget@@YAXPAUHWND__@@@Z 0041b930 f   fltk:Fl.obj
 0001:0001a990       ?fl_update_clipboard@@YAXXZ 0041b990 f   fltk:Fl.obj
 0001:0001aaa0       ?fl_set_status@@YAXHHHH@Z  0041baa0 f   fltk:Fl.obj
 0001:0001aab0       ?fl_set_spot@@YAXHHHHHHPAVFl_Window@@@Z 0041bab0 f   fltk:Fl.obj
 0001:0001ac10       ?fl_reset_spot@@YAXXZ      0041bc10 f   fltk:Fl.obj
 0001:0001ac20       ?print_window@Fl_Paged_Device@@QAEXPAVFl_Window@@HH@Z 0041bc20 f   fltk:Fl.obj
 0001:0001b250       ?fl_get_lcid_codepage@@YAIK@Z 0041c250 f   fltk:Fl.obj
 0001:0001b2b0       ?fl_get_codepage@@YAXXZ    0041c2b0 f   fltk:Fl.obj
 0001:0001c870       ?fl_filename_name@@YAPBDPBD@Z 0041d870 f   fltk:Fl.obj
 0001:0001ce70       ?fl_xid_@@YAPAUHWND__@@PBVFl_Window@@@Z 0041de70 f   fltk:Fl.obj
 0001:0001cea0       ??0Lf2CrlfConvert@@QAE@PBDH@Z 0041dea0 f i fltk:Fl.obj
 0001:0001d060       ??1Fl_Win32_At_Exit@@QAE@XZ 0041e060 f i fltk:Fl.obj
 0001:0001d0d0       ??1Lf2CrlfConvert@@QAE@XZ  0041e0d0 f i fltk:Fl.obj
 0001:0001d100       ??1NameList@@QAE@XZ        0041e100 f i fltk:Fl.obj
 0001:0001d160       ??_EFl_Device@@UAEPAXI@Z   0041e160 f i fltk:Fl.obj
 0001:0001d160       ??_GFl_Device@@UAEPAXI@Z   0041e160 f i fltk:Fl.obj
 0001:0001d190       ??_EFl_GDI_Graphics_Driver@@UAEPAXI@Z 0041e190 f i fltk:Fl.obj
 0001:0001d190       ??_GFl_GDI_Graphics_Driver@@UAEPAXI@Z 0041e190 f i fltk:Fl.obj
 0001:0001d1f0       ??_EFl_Graphics_Driver@@UAEPAXI@Z 0041e1f0 f i fltk:Fl.obj
 0001:0001d1f0       ??_GFl_Graphics_Driver@@UAEPAXI@Z 0041e1f0 f i fltk:Fl.obj
 0001:0001d250       ??_EFl_Image@@UAEPAXI@Z    0041e250 f i fltk:Fl.obj
 0001:0001d250       ??_GFl_Image@@UAEPAXI@Z    0041e250 f i fltk:Fl.obj
 0001:0001d280       ??_EFl_RGB_Image@@UAEPAXI@Z 0041e280 f i fltk:Fl.obj
 0001:0001d280       ??_GFl_RGB_Image@@UAEPAXI@Z 0041e280 f i fltk:Fl.obj
 0001:0001d2b0       ??_GFl_Surface_Device@@UAEPAXI@Z 0041e2b0 f i fltk:Fl.obj
 0001:0001d2b0       ??_EFl_Surface_Device@@UAEPAXI@Z 0041e2b0 f i fltk:Fl.obj
 0001:0001d2f0       ?add_name@NameList@@QAEXPBD@Z 0041e2f0 f i fltk:Fl.obj
 0001:0001d370       ?class_name@Fl_Device@@UAEPBDXZ 0041e370 f i fltk:Fl.obj
 0001:0001d380       ?class_name@Fl_GDI_Graphics_Driver@@UAEPBDXZ 0041e380 f i fltk:Fl.obj
 0001:0001d390       ?class_name@Fl_Graphics_Driver@@UAEPBDXZ 0041e390 f i fltk:Fl.obj
 0001:0001d3a0       ?class_name@Fl_Surface_Device@@UAEPBDXZ 0041e3a0 f i fltk:Fl.obj
 0001:0001d3b0       ?color@Fl_Graphics_Driver@@MAEXEEE@Z 0041e3b0 f i fltk:Fl.obj
 0001:0001d3c0       ?color@Fl_Graphics_Driver@@MAEXI@Z 0041e3c0 f i fltk:Fl.obj
 0001:0001d3e0       ?descent@Fl_Graphics_Driver@@UAEHXZ 0041e3e0 f i fltk:Fl.obj
 0001:0001d3f0       ?draw@Fl_Graphics_Driver@@MAEXHPBDHHH@Z 0041e3f0 f i fltk:Fl.obj
 0001:0001d400       ?draw@Fl_Graphics_Driver@@MAEXPAVFl_Bitmap@@HHHHHH@Z 0041e400 f i fltk:Fl.obj
 0001:0001d410       ?draw@Fl_Graphics_Driver@@MAEXPAVFl_Pixmap@@HHHHHH@Z 0041e410 f i fltk:Fl.obj
 0001:0001d420       ?draw@Fl_Graphics_Driver@@MAEXPAVFl_RGB_Image@@HHHHHH@Z 0041e420 f i fltk:Fl.obj
 0001:0001d430       ?draw@Fl_Graphics_Driver@@MAEXPBDHHH@Z 0041e430 f i fltk:Fl.obj
 0001:0001d440       ?draw_image@Fl_Graphics_Driver@@MAEXP6AXPAXHHHPAE@Z0HHHHH@Z 0041e440 f i fltk:Fl.obj
 0001:0001d450       ?draw_image@Fl_Graphics_Driver@@MAEXPBEHHHHHH@Z 0041e450 f i fltk:Fl.obj
 0001:0001d460       ?draw_image_mono@Fl_Graphics_Driver@@MAEXP6AXPAXHHHPAE@Z0HHHHH@Z 0041e460 f i fltk:Fl.obj
 0001:0001d470       ?draw_image_mono@Fl_Graphics_Driver@@MAEXPBEHHHHHH@Z 0041e470 f i fltk:Fl.obj
 0001:0001d480       ?font@Fl_Graphics_Driver@@UAEXHH@Z 0041e480 f i fltk:Fl.obj
 0001:0001d4a0       ?height@Fl_Graphics_Driver@@UAEHXZ 0041e4a0 f i fltk:Fl.obj
 0001:0001d4c0       ?rtl_draw@Fl_Graphics_Driver@@MAEXPBDHHH@Z 0041e4c0 f i fltk:Fl.obj
 0001:0001d4d0       ?width@Fl_Graphics_Driver@@UAENI@Z 0041e4d0 f i fltk:Fl.obj
 0001:0001d500       ?width@Fl_Graphics_Driver@@UAENPBDH@Z 0041e500 f i fltk:Fl.obj
 0001:0001d510       ?fl_beep@@YAXH@Z           0041e510 f   fltk:fl_ask.obj
 0001:0001d580       ?fl_message@@YAXPBDZZ      0041e580 f   fltk:fl_ask.obj
 0001:0001d5e0       ?fl_alert@@YAXPBDZZ        0041e5e0 f   fltk:fl_ask.obj
 0001:0001d640       ?fl_ask@@YAHPBDZZ          0041e640 f   fltk:fl_ask.obj
 0001:0001d690       ?fl_choice@@YAHPBD000ZZ    0041e690 f   fltk:fl_ask.obj
 0001:0001d6e0       ?fl_input@@YAPBDPBD0ZZ     0041e6e0 f   fltk:fl_ask.obj
 0001:0001d730       ?fl_password@@YAPBDPBD0ZZ  0041e730 f   fltk:fl_ask.obj
 0001:0001d780       ?fl_message_icon@@YAPAVFl_Widget@@XZ 0041e780 f   fltk:fl_ask.obj
 0001:0001d790       ?fl_message_hotspot@@YAXH@Z 0041e790 f   fltk:fl_ask.obj
 0001:0001d7c0       ?fl_message_hotspot@@YAHXZ 0041e7c0 f   fltk:fl_ask.obj
 0001:0001d7d0       ?fl_message_title@@YAXPBD@Z 0041e7d0 f   fltk:fl_ask.obj
 0001:0001d7f0       ?fl_message_title_default@@YAXPBD@Z 0041e7f0 f   fltk:fl_ask.obj
 0001:0001e670       ??$__vcrt_va_start_verify_argument_type@PBD@@YAXXZ 0041f670 f i fltk:fl_ask.obj
 0001:0001e680       ?default_atclose@Fl@@SAXPAVFl_Window@@PAX@Z 0041f680 f   fltk:Fl_Window.obj
 0001:0001e6b0       ?window@Fl_Widget@@QBEPAVFl_Window@@XZ 0041f6b0 f   fltk:Fl_Window.obj
 0001:0001e700       ?top_window@Fl_Widget@@QBEPAVFl_Window@@XZ 0041f700 f   fltk:Fl_Window.obj
 0001:0001e740       ?top_window_offset@Fl_Widget@@QBEPAVFl_Window@@AAH0@Z 0041f740 f   fltk:Fl_Window.obj
 0001:0001e7c0       ?_Fl_Window@Fl_Window@@AAEXXZ 0041f7c0 f   fltk:Fl_Window.obj
 0001:0001e8b0       ?free_icons@Fl_Window@@IAEXXZ 0041f8b0 f   fltk:Fl_Window.obj
 0001:0001e9c0       ??0Fl_Window@@QAE@HHPBD@Z  0041f9c0 f   fltk:Fl_Window.obj
 0001:0001ea60       ??0Fl_Window@@QAE@HHHHPBD@Z 0041fa60 f   fltk:Fl_Window.obj
 0001:0001eb00       ??1Fl_Window@@UAE@XZ       0041fb00 f   fltk:Fl_Window.obj
 0001:0001ebf0       ?label@Fl_Window@@QAEXPBD@Z 0041fbf0 f   fltk:Fl_Window.obj
 0001:0001ec20       ?iconlabel@Fl_Window@@QAEXPBD@Z 0041fc20 f   fltk:Fl_Window.obj
 0001:0001ec50       ?copy_label@Fl_Window@@QAEXPBD@Z 0041fc50 f   fltk:Fl_Window.obj
 0001:0001ec90       ?default_xclass@Fl_Window@@SAXPBD@Z 0041fc90 f   fltk:Fl_Window.obj
 0001:0001ecd0       ?default_xclass@Fl_Window@@SAPBDXZ 0041fcd0 f   fltk:Fl_Window.obj
 0001:0001ecf0       ?xclass@Fl_Window@@QBEPBDXZ 0041fcf0 f   fltk:Fl_Window.obj
 0001:0001ed20       ?xclass@Fl_Window@@QAEXPBD@Z 0041fd20 f   fltk:Fl_Window.obj
 0001:0001ed80       ?default_icon@Fl_Window@@SAXPBVFl_RGB_Image@@@Z 0041fd80 f   fltk:Fl_Window.obj
 0001:0001eda0       ?default_icons@Fl_Window@@SAXQAPBVFl_RGB_Image@@H@Z 0041fda0 f   fltk:Fl_Window.obj
 0001:0001edc0       ?icon@Fl_Window@@QAEXPBVFl_RGB_Image@@@Z 0041fdc0 f   fltk:Fl_Window.obj
 0001:0001ede0       ?icons@Fl_Window@@QAEXQAPBVFl_RGB_Image@@H@Z 0041fde0 f   fltk:Fl_Window.obj
 0001:0001eeb0       ?icon@Fl_Window@@QBEPBXXZ  0041feb0 f   fltk:Fl_Window.obj
 0001:0001eed0       ?icon@Fl_Window@@QAEXPBX@Z 0041fed0 f   fltk:Fl_Window.obj
 0001:0001eef0       ?wait_for_expose@Fl_Window@@QAEXXZ 0041fef0 f   fltk:Fl_Window.obj
 0001:0001ef40       ?x_root@Fl_Window@@QBEHXZ  0041ff40 f   fltk:Fl_Window.obj
 0001:0001ef80       ?y_root@Fl_Window@@QBEHXZ  0041ff80 f   fltk:Fl_Window.obj
 0001:0001efc0       ?current@Fl_Window@@SAPAV1@XZ 0041ffc0 f   fltk:Fl_Window.obj
 0001:0001efd0       ?default_callback@Fl_Window@@SAXPAV1@PAX@Z 0041ffd0 f   fltk:Fl_Window.obj
 0001:0001eff0       ??_GFl_Window@@UAEPAXI@Z   0041fff0 f i fltk:Fl_Window.obj
 0001:0001eff0       ??_EFl_Window@@UAEPAXI@Z   0041fff0 f i fltk:Fl_Window.obj
 0001:0001f030       ?as_gl_window@Fl_Widget@@UAEPAVFl_Gl_Window@@XZ 00420030 f i fltk:Fl_Window.obj
 0001:0001f040       ?navigation@Fl_Group@@AAEHH@Z 00420040 f   fltk:Fl_Group.obj
 0001:0001f200       ?draw@Fl_Group@@MAEXXZ     00420200 f   fltk:Fl_Group.obj
 0001:0001f240       ?draw_child@Fl_Group@@IBEXAAVFl_Widget@@@Z 00420240 f   fltk:Fl_Group.obj
 0001:0001f2f0       ?draw_children@Fl_Group@@IAEXXZ 004202f0 f   fltk:Fl_Group.obj
 0001:0001f4d0       ?draw_outside_label@Fl_Group@@IBEXABVFl_Widget@@@Z 004204d0 f   fltk:Fl_Group.obj
 0001:0001f760       ?update_child@Fl_Group@@IBEXAAVFl_Widget@@@Z 00420760 f   fltk:Fl_Group.obj
 0001:0001f820       ?sizes@Fl_Group@@IAEPAHXZ  00420820 f   fltk:Fl_Group.obj
 0001:0001fb60       ?handle@Fl_Group@@UAEHH@Z  00420b60 f   fltk:Fl_Group.obj
 0001:00020520       ?begin@Fl_Group@@QAEXXZ    00421520 f   fltk:Fl_Group.obj
 0001:00020540       ?end@Fl_Group@@QAEXXZ      00421540 f   fltk:Fl_Group.obj
 0001:00020560       ?current@Fl_Group@@SAPAV1@XZ 00421560 f   fltk:Fl_Group.obj
 0001:00020570       ?current@Fl_Group@@SAXPAV1@@Z 00421570 f   fltk:Fl_Group.obj
 0001:00020580       ?find@Fl_Group@@QBEHPBVFl_Widget@@@Z 00421580 f   fltk:Fl_Group.obj
 0001:000205e0       ?array@Fl_Group@@QBEPBQAVFl_Widget@@XZ 004215e0 f   fltk:Fl_Group.obj
 0001:00020610       ?resize@Fl_Group@@UAEXHHHH@Z 00421610 f   fltk:Fl_Group.obj
 0001:00020a20       ??0Fl_Group@@QAE@HHHHPBD@Z 00421a20 f   fltk:Fl_Group.obj
 0001:00020ad0       ??1Fl_Group@@UAE@XZ        00421ad0 f   fltk:Fl_Group.obj
 0001:00020b20       ?add@Fl_Group@@QAEXAAVFl_Widget@@@Z 00421b20 f   fltk:Fl_Group.obj
 0001:00020b40       ?insert@Fl_Group@@QAEXAAVFl_Widget@@H@Z 00421b40 f   fltk:Fl_Group.obj
 0001:00020ce0       ?remove@Fl_Group@@QAEXH@Z  00421ce0 f   fltk:Fl_Group.obj
 0001:00020de0       ?remove@Fl_Group@@QAEXAAVFl_Widget@@@Z 00421de0 f   fltk:Fl_Group.obj
 0001:00020e20       ?clear@Fl_Group@@QAEXXZ    00421e20 f   fltk:Fl_Group.obj
 0001:00020fb0       ?init_sizes@Fl_Group@@QAEXXZ 00421fb0 f   fltk:Fl_Group.obj
 0001:00020fe0       ??0Fl_Input_Choice@@QAE@HHHHPBD@Z 00421fe0 f   fltk:Fl_Group.obj
 0001:00021290       ??0Fl_Spinner@@QAE@HHHHPBD@Z 00422290 f   fltk:Fl_Group.obj
 0001:000216c0       ??1Fl_Input@@UAE@XZ        004226c0 f i fltk:Fl_Group.obj
 0001:000216e0       ??1Fl_Repeat_Button@@UAE@XZ 004226e0 f i fltk:Fl_Group.obj
[...]
 0003:00002d8c       ?s_wsock_select@@3P6GHHPAUfd_set@@00PBUtimeval@@@ZA 00488d8c     fltk:Fl.obj
 0003:00002d90       ?fl_wsk_fd_is_set@@3P6GHIPAUfd_set@@@ZA 00488d90     fltk:Fl.obj
 0003:00002dbc       ?s_imm_module@@3PAUHINSTANCE__@@A 00488dbc     fltk:Fl.obj
 0003:00002dc0       ?flImmAssociateContextEx@@3P6GHPAUHWND__@@PAUHIMC__@@K@ZA 00488dc0     fltk:Fl.obj
 0003:00002dc5       ?dnd_flag@@3DA             00488dc5     fltk:Fl.obj
 0003:00002dc8       ?flImmGetContext@@3P6GPAUHIMC__@@PAUHWND__@@@ZA 00488dc8     fltk:Fl.obj
 0003:00002dd0       ?flImmSetCompositionWindow@@3P6GHPAUHIMC__@@PAUtagCOMPOSITIONFORM@@@ZA 00488dd0     fltk:Fl.obj
 0003:00002dd4       ?flImmReleaseContext@@3P6GHPAUHWND__@@PAUHIMC__@@@ZA 00488dd4     fltk:Fl.obj
 0003:00002dd8       ?sys_handlers@@3PAUsystem_handler_link@@A 00488dd8     fltk:Fl.obj
 0003:00002ddc       ?track_mouse_win@@3PAVFl_Window@@A 00488ddc     fltk:Fl.obj
 0003:00002de0       ?maxfd@@3HA                00488de0     fltk:Fl.obj
 0003:00002de4       ?nfds@@3HA                 00488de4     fltk:Fl.obj
 0003:00002de8       ?fd_array_size@@3HA        00488de8     fltk:Fl.obj
 0003:00002e14       ?fd@@3PAUFD@@A             00488e14     fltk:Fl.obj
 0003:00002e74       ?default_big_icon@@3PAUHICON__@@A 00488e74     fltk:Fl.obj
 0003:00002e78       ?default_small_icon@@3PAUHICON__@@A 00488e78     fltk:Fl.obj
 0003:00002e7c       ?win_DC_list@@3PAUWin_DC_List@@A 00488e7c     fltk:Fl.obj
 0003:00002e88       ?num_dwidgets@@3HA         00488e88     fltk:Fl.obj
 0003:00002e8c       ?alloc_dwidgets@@3HA       00488e8c     fltk:Fl.obj
 0003:00002e90       ?dwidgets@@3PAPAVFl_Widget@@A 00488e90     fltk:Fl.obj
 0003:00002e94       ?widget_watch@@3PAPAPAVFl_Widget@@A 00488e94     fltk:Fl.obj
 0003:00002e98       ?num_widget_watch@@3HA     00488e98     fltk:Fl.obj
 0003:00002e9c       ?max_widget_watch@@3HA     00488e9c     fltk:Fl.obj
 0003:00002ea8       ?win32_at_exit@@3VFl_Win32_At_Exit@@A 00488ea8     fltk:Fl.obj
 0003:00002eac       ?fl_gdi_display@@3VFl_Display_Device@@A 00488eac     fltk:Fl.obj
 0003:00002eb8       ?fl_gdi_driver@@3VFl_GDI_Graphics_Driver@@A 00488eb8     fltk:Fl.obj
 0003:000035a0       ?first_check@@3PAUCheck@@A 004895a0     fltk:Fl.obj
 0003:000035a4       ?next_check@@3PAUCheck@@A  004895a4     fltk:Fl.obj
 0003:000035a8       ?free_check@@3PAUCheck@@A  004895a8     fltk:Fl.obj
 0003:000035ac       ?thread_message_@@3PAXA    004895ac     fltk:Fl.obj
 0003:000035b0       ?fdsets@@3PAUfd_set@@A     004895b0     fltk:Fl.obj
 0003:000038bc       ?win32_timers@@3PAUWin32Timer@@A 004898bc     fltk:Fl.obj
 0003:000038c0       ?win32_timer_alloc@@3HA    004898c0     fltk:Fl.obj
 0003:000038c4       ?win32_timer_used@@3HA     004898c4     fltk:Fl.obj
 0003:000038c8       ?s_TimerWnd@@3PAUHWND__@@A 004898c8     fltk:Fl.obj
 0003:000038cc       ?resize_bug_fix@@3PAVFl_Window@@A 004898cc     fltk:Fl.obj
 0003:000038d0       ?in_idle@?1??fl_wait@@YAHN@Z@4DA 004898d0     fltk:Fl.obj
 0003:000038d1       ?beenHereDoneThat@?1??fl_open_display@@YAXXZ@4DA 004898d1     fltk:Fl.obj
 0003:000038d4       ?px@?1??mouse_event@@YAHPAVFl_Window@@HHIJ@Z@4HA 004898d4     fltk:Fl.obj
 0003:000038d8       ?py@?1??mouse_event@@YAHPAVFl_Window@@HHIJ@Z@4HA 004898d8     fltk:Fl.obj
 0003:000038dc       ?pmx@?1??mouse_event@@YAHPAVFl_Window@@HHIJ@Z@4HA 004898dc     fltk:Fl.obj
 0003:000038e0       ?pmy@?1??mouse_event@@YAHPAVFl_Window@@HHIJ@Z@4HA 004898e0     fltk:Fl.obj
 0003:000038e8       ?vklut@?1??ms2fltk@@YAHIH@Z@4PAGA 004898e8     fltk:Fl.obj
 0003:00003ae8       ?extendedlut@?1??ms2fltk@@YAHIH@Z@4PAGA 00489ae8     fltk:Fl.obj
 0003:00003ce8       ?buffer@?DH@??WndProc@@YGJPAUHWND__@@IIJ@Z@4PADA 00489ce8     fltk:Fl.obj
 0003:000040e8       ?delta@?GG@??WndProc@@YGJPAUHWND__@@IIJ@Z@4HA 0048a0e8     fltk:Fl.obj
 0003:000040ec       ?delta@?GJ@??WndProc@@YGJPAUHWND__@@IIJ@Z@4HA 0048a0ec     fltk:Fl.obj
 0003:000040f0       ?class_name_list@?1??make@Fl_X@@SAPAV2@PAVFl_Window@@@Z@4VNameList@@A 0048a0f0     fltk:Fl.obj
 0003:000040fc       ?$TSS0@?1??make@Fl_X@@SAPAV2@PAVFl_Window@@@Z@4HA 0048a0fc     fltk:Fl.obj
 0003:00004100       ?first_class_name@?1??make@Fl_X@@SAPAV2@PAVFl_Window@@@Z@4PBDB 0048a100     fltk:Fl.obj
 0003:00004104       ?avoidRecursion@@3DA       0048a104     fltk:fl_ask.obj
 0003:0000410c       ?message_form@@3PAVFl_Window@@A 0048a10c     fltk:fl_ask.obj
 0003:00004110       ?message@@3PAVFl_Box@@A    0048a110     fltk:fl_ask.obj
 0003:00004114       ?icon@@3PAVFl_Box@@A       0048a114     fltk:fl_ask.obj
 0003:00004118       ?button@@3PAPAVFl_Button@@A 0048a118     fltk:fl_ask.obj
 0003:00004124       ?input@@3PAVFl_Input@@A    0048a124     fltk:fl_ask.obj
 0003:00004128       ?ret_val@@3HA              0048a128     fltk:fl_ask.obj
 0003:0000412c       ?message_title_default@@3PBDB 0048a12c     fltk:fl_ask.obj
 0003:00004140       ?fc@@3PAVFl_File_Chooser@@A 0048a140     fltk:fl_file_dir.obj
 0003:00004144       ?current_callback@@3P6AXPBD@ZA 0048a144     fltk:fl_file_dir.obj
 0003:00004148       ?current_label@@3PBDB      0048a148     fltk:fl_file_dir.obj
 0003:00004150       ?retname@?1??fl_file_chooser@@YAPADPBD00H@Z@4PADA 0048a150     fltk:fl_file_dir.obj
 0003:00004950       ?retname@?1??fl_dir_chooser@@YAPADPBD0H@Z@4PADA 0048a950     fltk:fl_file_dir.obj
 0003:00005150       ?fl_gmi@@3P6GHPAUHMONITOR__@@PAUtagMONITORINFO@@@ZA 0048b150     fltk:screen_xywh.obj
 0003:00005158       ?screens@@3PAUtagRECT@@A   0048b158     fltk:screen_xywh.obj
 0003:00005258       ?work_area@@3PAUtagRECT@@A 0048b258     fltk:screen_xywh.obj
 0003:00005358       ?dpi@@3PAY01MA             0048b358     fltk:screen_xywh.obj
 0003:00005408       ?main_thread@@3KA          0048b408     fltk:Fl_lock.obj
 0003:00005410       ?measure@@3PAP6AXPBUFl_Label@@AAH1@ZA 0048b410     fltk:fl_labeltype.obj
 0003:00005450       ?obj_queue@@3PAPAVFl_Widget@@A 0048b450     fltk:Fl_Widget.obj
 0003:000054a0       ?obj_head@@3HA             0048b4a0     fltk:Fl_Widget.obj
 0003:000054a4       ?obj_tail@@3HA             0048b4a4     fltk:Fl_Widget.obj
 0003:000054b4       ?window@@3PAVFl_TooltipBox@@A 0048b4b4     fltk:Fl_Tooltip.obj
 0003:000054bc       ?tip@@3PBDB                0048b4bc     fltk:Fl_Tooltip.obj
 0003:000054c0       ?Y@@3HA                    0048b4c0     fltk:Fl_Tooltip.obj
 0003:000054c4       ?H@@3HA                    0048b4c4     fltk:Fl_Tooltip.obj
 0003:000054c8       ?recent_tooltip@@3DA       0048b4c8     fltk:Fl_Tooltip.obj
 0003:000054c9       ?recursion@@3DA            0048b4c9     fltk:Fl_Tooltip.obj
 0003:000054ca       ?beenhere@?1??set_enter_exit_once_@Fl_Tooltip@@CAXXZ@4DA 0048b4ca     fltk:Fl_Tooltip.obj
 0003:000060d8       ?tmppen@@3PAXA             0048c0d8     fltk:fl_color.obj
 0003:000060dc       ?savepen@@3PAUHPEN__@@A    0048c0dc     fltk:fl_color.obj
 0003:000060e0       ?xmap@?1??color@Fl_GDI_Graphics_Driver@@UAEXEEE@Z@4UFl_XMap@@A 0048c0e0     fltk:fl_color.obj
 0003:000060f0       ?brushes@?1??fl_brush_action@@YAPAUHBRUSH__@@H@Z@4PAUFl_Brush@?1??1@YAPAU2@H@Z@A 0048c0f0     fltk:fl_color.obj
 0003:000061b0       ?beenhere@?1??fl_select_palette@@YAPAUHPALETTE__@@XZ@4DA 0048c1b0     fltk:fl_color.obj
 0003:000061b4       ?fl_alpha_blend@@3P6GHPAUHDC__@@HHHH0HHHHUFL_BLENDFUNCTION@@@ZA 0048c1b4     fltk:Fl_Double_Window.obj
 0003:000061b8       ?been_here@?1??fl_can_do_alpha_blending@@YADXZ@4DA 0048c1b8     fltk:Fl_Double_Window.obj
 0003:000061b9       ?can_do@?1??fl_can_do_alpha_blending@@YADXZ@4DA 0048c1b9     fltk:Fl_Double_Window.obj
 0003:0000626c       ?hMod@?1??newUUID@Fl_Preferences@@SAPBDXZ@4PAUHINSTANCE__@@A 0048c26c     fltk:Fl_Preferences.obj
 0003:0000627c       ?fl_angle_@@3HA            0048c27c     fltk:fl_font.obj
 0003:00006280       ?wstr@@3PAGA               0048c280     fltk:fl_font.obj
 0003:00006284       ?wstr_len@@3HA             0048c284     fltk:fl_font.obj
 0003:00006288       ?fl_GetGlyphIndices@@3P6GKPAUHDC__@@PB_WHPAGK@ZA 0048c288     fltk:fl_font.obj
 0003:0000628c       ?have_loaded_GetGlyphIndices@@3HA 0048c28c     fltk:fl_font.obj
 0003:00006290       ?ext_buff@?1??text_extents@Fl_GDI_Graphics_Driver@@UAEXPBDHAAH111@Z@4PAGA 0048c290     fltk:fl_font.obj
 0003:00006294       ?w_buff@?1??text_extents@Fl_GDI_Graphics_Driver@@UAEXPBDHAAH111@Z@4PAGA 0048c294     fltk:fl_font.obj
 0003:00006298       ?wc_len@?1??text_extents@Fl_GDI_Graphics_Driver@@UAEXPBDHAAH111@Z@4IA 0048c298     fltk:fl_font.obj
 0003:000062a8       ?hMod@?1??draw@Fl_GDI_Printer_Graphics_Driver@@UAEXPAVFl_Pixmap@@HHHHHH@Z@4PAUHINSTANCE__@@A 0048c2a8     fltk:Fl_Pixmap.obj
 0003:000062ac       ?fl_TransparentBlt@?1??draw@Fl_GDI_Printer_Graphics_Driver@@UAEXPAVFl_Pixmap@@HHHHHH@Z@4P6GHPAUHDC__@@HHHH1HHHHI@ZA 0048c2ac     fltk:Fl_Pixmap.obj
 0003:000062b0       ?fl_TransparentBlt@?1??draw@Fl_GDI_Printer_Graphics_Driver@@UAEXPAVFl_Bitmap@@HHHHHH@Z@4P6GHPAUHDC__@@HHHH1HHHHI@ZA 0048c2b0     fltk:Fl_Bitmap.obj
 0003:000062b4       ?hMod@?1??draw@Fl_GDI_Printer_Graphics_Driver@@UAEXPAVFl_Bitmap@@HHHHHH@Z@4PAUHINSTANCE__@@A 0048c2b4     fltk:Fl_Bitmap.obj
 0003:000062b8       ?ri@?1??dither@@YAXPAEPBEHH@Z@4HA 0048c2b8     fltk:fl_draw_image.obj
 0003:000062bc       ?gi@?1??dither@@YAXPAEPBEHH@Z@4HA 0048c2bc     fltk:fl_draw_image.obj
 0003:000062c0       ?bi@?1??dither@@YAXPAEPBEHH@Z@4HA 0048c2c0     fltk:fl_draw_image.obj
 0003:000062c4       ?dir@?1??dither@@YAXPAEPBEHH@Z@4HA 0048c2c4     fltk:fl_draw_image.obj
 0003:000062c8       ?ri@?1??monodither@@YAXPAEPBEHH@Z@4HA 0048c2c8     fltk:fl_draw_image.obj
 0003:000062cc       ?dir@?1??monodither@@YAXPAEPBEHH@Z@4HA 0048c2cc     fltk:fl_draw_image.obj
 0003:000062d0       ?bmibuffer@?1??innards@@YAXPBEHHHHHHHP6AXPAXHHHPAE@Z1@Z@4PAIA 0048c2d0     fltk:fl_draw_image.obj
 0003:00006700       ?buffer@?1??innards@@YAXPBEHHHHHHHP6AXPAXHHHPAE@Z1@Z@4PAIA 0048c700     fltk:fl_draw_image.obj
 0003:00006704       ?buffer_size@?1??innards@@YAXPBEHHHHHHHP6AXPAXHHHPAE@Z1@Z@4JA 0048c704     fltk:fl_draw_image.obj
 0003:00006708       ?line_buffer@?1??innards@@YAXPBEHHHHHHHP6AXPAXHHHPAE@Z1@Z@4PAIA 0048c708     fltk:fl_draw_image.obj
 0003:0000670c       ?line_buf_size@?CH@??innards@@YAXPBEHHHHHHHP6AXPAXHHHPAE@Z1@Z@4HA 0048c70c     fltk:fl_draw_image.obj
 0003:00006718       ?fl_bg_set@@3DA            0048c718     fltk:Fl_get_system_colors.obj
 0003:00006719       ?fl_bg2_set@@3DA           0048c719     fltk:Fl_get_system_colors.obj
 0003:0000671a       ?fl_fg_set@@3DA            0048c71a     fltk:Fl_get_system_colors.obj
 0003:00006728       ?tile@@3VFl_Pixmap@@A      0048c728     fltk:Fl_get_system_colors.obj
 0003:00006750       ?e@?1??scheme@Fl@@SAHPBD@Z@4PADA 0048c750     fltk:Fl_get_system_colors.obj
 0003:00006b88       ?mbwbuf@@3PA_WA            0048cb88     fltk:fl_utf8.obj
 0003:00006b90       ?buf@@3PADA                0048cb90     fltk:fl_utf8.obj
 0003:00006b94       ?buf_len@@3HA              0048cb94     fltk:fl_utf8.obj
 0003:00006b98       ?wbufa@@3PAGA              0048cb98     fltk:fl_utf8.obj
 0003:00006b9c       ?wbuf@@3PA_WA              0048cb9c     fltk:fl_utf8.obj
 0003:00006ba0       ?wbuf1@@3PA_WA             0048cba0     fltk:fl_utf8.obj
 0003:00006ba4       ?table@?1??Toupper@@YAHH@Z@4PAGA 0048cba4     fltk:fl_utf8.obj
 0003:00006ba8       ?buf@?1??fl_utf2mbcs@@9@4PADA 0048cba8     fltk:fl_utf8.obj
 0003:00006bac       ?buf@?1??fl_getenv@@9@4PADA 0048cbac     fltk:fl_utf8.obj
 0003:00006bb0       ?wbuf@?1??fl_getcwd@@9@4PA_WA 0048cbb0     fltk:fl_utf8.obj
 0003:00006bb4       ?buf@?1??fl_shortcut_label@@YAPBDIPAPBD@Z@4PADA 0048cbb4     fltk:fl_shortcut.obj
 0003:00006bec       ?l_secret@@3HA             0048cbec     fltk:Fl_Input_.obj
 0003:00006bf0       ?undobuffer@@3PADA         0048cbf0     fltk:Fl_Input_.obj
 0003:00006bf4       ?undobufferlength@@3HA     0048cbf4     fltk:Fl_Input_.obj
 0003:00006bf8       ?undowidget@@3PAVFl_Input_@@A 0048cbf8     fltk:Fl_Input_.obj
 0003:00006bfc       ?undoat@@3HA               0048cbfc     fltk:Fl_Input_.obj
 0003:00006c00       ?undocut@@3HA              0048cc00     fltk:Fl_Input_.obj
 0003:00006c04       ?undoinsert@@3HA           0048cc04     fltk:Fl_Input_.obj
 0003:00006c08       ?yankcut@@3HA              0048cc08     fltk:Fl_Input_.obj
 0003:00006c0c       ?legal_fp_chars@@3PBDB     0048cc0c     fltk:Fl_Input.obj
 0003:00006c10       ?dnd_save_position@?1??handle@Fl_Input@@UAEHH@Z@4HA 0048cc10     fltk:Fl_Input.obj
 0003:00006c14       ?dnd_save_mark@?1??handle@Fl_Input@@UAEHH@Z@4HA 0048cc14     fltk:Fl_Input.obj
 0003:00006c18       ?newpos@?1??handle@Fl_Input@@UAEHH@Z@4HA 0048cc18     fltk:Fl_Input.obj
 0003:00006c1c       ?dnd_save_focus@?1??handle@Fl_Input@@UAEHH@Z@4PAVFl_Widget@@A 0048cc1c     fltk:Fl_Input.obj
 0003:00006c24       ?underline_at@@3PADA       0048cc24     fltk:fl_draw.obj
 0003:00006c28       ?local_buf@?1??expand_text_@@YAPBDPBDAAPADHNAAHAANHH@Z@4PADA 0048cc28     fltk:fl_draw.obj
 0003:00006c2c       ?$TSS0@?1??expand_text_@@YAPBDPBDAAPADHNAAHAANHH@Z@4HA 0048cc2c     fltk:fl_draw.obj
 0003:00006c34       ?pressed_menu_button_@@3PAVFl_Menu_Button@@A 0048cc34     fltk:Fl_Menu_Button.obj
 0003:00006c38       ?p@@3PAUmenustate@@A       0048cc38     fltk:Fl_Menu.obj
 0003:00006c3c       ?button@@3PBVFl_Menu_@@B   0048cc3c     fltk:Fl_Menu.obj
 0003:00006c40       ?dummy@?1??popup@Fl_Menu_Item@@QBEPBU2@HHPBDPBU2@PBVFl_Menu_@@@Z@4U2@A 0048cc40     fltk:Fl_Menu.obj
 0003:00006c64       ?local_array@@3PAUFl_Menu_Item@@A 0048cc64     fltk:Fl_Menu_add.obj
 0003:00006c68       ?local_array_alloc@@3HA    0048cc68     fltk:Fl_Menu_add.obj
 0003:00006c6c       ?local_array_size@@3HA     0048cc6c     fltk:Fl_Menu_add.obj
 0003:00006c70       ?offcenter@?9??handle@Fl_Slider@@IAEHHHHHH@Z@4HA 0048cc70     fltk:Fl_Slider.obj
 0003:00006c74       ?image_new@@3VFl_Bitmap@@A 0048cc74     fltk:Fl_File_Chooser.obj
 0003:00006ca8       ?pathname@?1??value@Fl_File_Chooser@@QAEPBDH@Z@4PADA 0048cca8     fltk:Fl_File_Chooser2.obj
 0003:000074b0       ?ncolors@@3HA              0048d4b0     fltk:fl_draw_pixmap.obj
 0003:000074b4       ?chars_per_pixel@@3HA      0048d4b4     fltk:fl_draw_pixmap.obj
 0003:000074b8       ?color_count@@3HA          0048d4b8     fltk:fl_draw_pixmap.obj
 0003:000074bc       ?used_colors@@3PAUUsedColor@@A 0048d4bc     fltk:fl_draw_pixmap.obj
 0003:000074c0       ?table@?1??XUtf8Toupper@@9@9 0048d4c0     fltk:case.obj
 0003:000074c8       ?symbols@@3PAUSYMBOL@@A    0048d4c8     fltk:fl_symbols.obj
 0003:00007eac       ?beenhere@?1??fl_init_symbols@@YAXXZ@4DA 0048deac     fltk:fl_symbols.obj
 0003:00007eb0       ?cursor@?1??set_cursor@@YAXPAVFl_Tile@@W4Fl_Cursor@@@Z@4W43@A 0048deb0     fltk:Fl_Tile.obj
 0003:00007eb4       ?sdrag@?1??handle@Fl_Tile@@UAEHH@Z@4HA 0048deb4     fltk:Fl_Tile.obj
 0003:00007eb8       ?sdx@?1??handle@Fl_Tile@@UAEHH@Z@4HA 0048deb8     fltk:Fl_Tile.obj
 0003:00007ebc       ?sdy@?1??handle@Fl_Tile@@UAEHH@Z@4HA 0048debc     fltk:Fl_Tile.obj
 0003:00007ec0       ?sx@?1??handle@Fl_Tile@@UAEHH@Z@4HA 0048dec0     fltk:Fl_Tile.obj
 0003:00007ec4       ?sy@?1??handle@Fl_Tile@@UAEHH@Z@4HA 0048dec4     fltk:Fl_Tile.obj
 0003:00007ec8       ?change@?1??handle@Fl_Browser_@@UAEHH@Z@4DA 0048dec8     fltk:Fl_Browser_.obj
 0003:00007ec9       ?whichway@?1??handle@Fl_Browser_@@UAEHH@Z@4DA 0048dec9     fltk:Fl_Browser_.obj
 0003:00007ecc       ?py@?1??handle@Fl_Browser_@@UAEHH@Z@4HA 0048decc     fltk:Fl_Browser_.obj
 0003:00007ed0       ?inButtonBar@?1??handle@Fl_File_Input@@UAEHH@Z@4DA 0048ded0     fltk:Fl_File_Input.obj
 0003:00007ef0       ?SWAP_TYPE@@3DA            0048def0     fltkgl:Fl_Gl_Window.obj
 0003:00007ef8       ?ortho_context@?DG@??flush@Fl_Gl_Window@@UAEXXZ@4PAUHGLRC__@@A 0048def8     fltkgl:Fl_Gl_Window.obj
 0003:00007efc       ?ortho_window@?DG@??flush@Fl_Gl_Window@@UAEXXZ@4PAV2@A 0048defc     fltkgl:Fl_Gl_Window.obj
 0003:00007f00       ?context_list@@3PAPAUHGLRC__@@A 0048df00     fltkgl:Fl_Gl_Choice.obj
 0003:00007f04       ?nContext@@3HA             0048df04     fltkgl:Fl_Gl_Choice.obj
 0003:00007f08       ?NContext@@3HA             0048df08     fltkgl:Fl_Gl_Choice.obj
 0003:00007f0c       ?first@@3PAVFl_Gl_Choice@@A 0048df0c     fltkgl:Fl_Gl_Choice.obj
 0003:00007f10       ?cached_context@@3PAUHGLRC__@@A 0048df10     fltkgl:Fl_Gl_Choice.obj
 0003:00007f14       ?cached_window@@3PAVFl_Window@@A 0048df14     fltkgl:Fl_Gl_Choice.obj
 0003:00007f1c       ?Gl_Device_Plugin@@3VFl_Gl_Device_Plugin@@A 0048df1c     fltkgl:Fl_Gl_Device_Plugin.obj
 0003:00007f24       ?gl_fontsize@@3PAVFl_Font_Descriptor@@A 0048df24     fltkgl:gl_draw.obj
 0003:00007f28       ?buf@?1??gl_draw@@YAXPBDH@Z@4PA_WA 0048df28     fltkgl:gl_draw.obj
 0003:00007f2c       ?l@?1??gl_draw@@YAXPBDH@Z@4HA 0048df2c     fltkgl:gl_draw.obj
 0003:00007f30       _GS_ExceptionRecord        0048df30     MSVCRT:gs_report.obj
 0003:00007f80       _GS_ContextRecord          0048df80     MSVCRT:gs_report.obj
 0003:00008254       ?module_local_atexit_table@@3U_onexit_table_t@@A 0048e254     MSVCRT:utility.obj
 0003:00008260       ?module_local_at_quick_exit_table@@3U_onexit_table_t@@A 0048e260     MSVCRT:utility.obj
 0003:0000826c       ?is_initialized_as_dll@@3_NA 0048e26c     MSVCRT:utility.obj
 0003:00008270       ?_Tss_mutex@@3U_RTL_CRITICAL_SECTION@@A 0048e270     MSVCRT:thread_safe_statics.obj
 0003:00008288       ?_Tss_cv@@3U_RTL_CONDITION_VARIABLE@@A 0048e288     MSVCRT:thread_safe_statics.obj
 0003:0000828c       ?_Tss_event@@3PAXA         0048e28c     MSVCRT:thread_safe_statics.obj
 0003:00008290       ?encoded_sleep_condition_variable_cs@@3P6GHPAU_RTL_CONDITION_VARIABLE@@PAU_RTL_CRITICAL_SECTION@@K@ZA 0048e290     MSVCRT:thread_safe_statics.obj
 0003:00008294       ?encoded_wake_all_condition_variable@@3P6GXPAU_RTL_CONDITION_VARIABLE@@@ZA 0048e294     MSVCRT:thread_safe_statics.obj
 0003:000082b4       ?_Fac_head@std@@3PAU_Fac_node@1@A 0048e2b4     msvcprt:locale0_implib.obj
 0003:000082b8       ?_Fac_tidy_reg@std@@3U_Fac_tidy_reg_t@1@B 0048e2b8     msvcprt:locale0_implib.obj
 0003:000082bc       ?mbwbuf@?1??mbcs2utf@@9@9  0048e2bc     fltk:fl_call_main.obj
 0004:00000000       __guard_fids__             0048f000     MSVCRT:std_type_info_static.obj
 0004:00000004       __guard_fids__             0048f004     MSVCRT:exe_winmain.obj
 0004:00000008       __guard_fids__             0048f008     MSVCRT:exe_winmain.obj
 0004:0000000c       __guard_fids__             0048f00c     MSVCRT:exe_winmain.obj
 0004:00000010       __guard_fids_?pre_c_initialization@@YAHXZ 0048f010     MSVCRT:exe_winmain.obj
 0004:00000018       __guard_fids__             0048f018     MSVCRT:thread_safe_statics.obj
 0004:0000001c       __guard_fids_?__scrt_initialize_thread_safe_statics@@YAHXZ 0048f01c     MSVCRT:thread_safe_statics.obj
 0004:00000020       __guard_fids__             0048f020     MSVCRT:throw_bad_alloc.obj
 0004:00000028       __guard_fids__             0048f028     MSVCRT:throw_bad_alloc.obj
 0004:00000030       __guard_fids__             0048f030     MSVCRT:throw_bad_alloc.obj
 0004:00000034       __guard_fids__             0048f034     MSVCRT:throw_bad_alloc.obj
 0004:00000038       __guard_fids__             0048f038     MSVCRT:throw_bad_alloc.obj
 0004:0000003c       __guard_fids__             0048f03c     MSVCRT:throw_bad_alloc.obj
 0004:00000040       __guard_fids____scrt_set_unhandled_exception_filter 0048f040     MSVCRT:utility_desktop.obj
 0004:00000044       __guard_fids___except_handler4 0048f044     MSVCRT:_chandler4gs_.obj
 0004:00000048       __guard_fids__             0048f048     MSVCRT:guard_support.obj
 0004:0000004c       __guard_fids___guard_icall_checks_enforced 0048f04c     MSVCRT:guard_support.obj
 0004:00000050       __guard_fids_??__E_Fac_tidy_reg@std@@YAXXZ 0048f050     msvcprt:locale0_implib.obj
 0004:00000054       __guard_fids__             0048f054     msvcprt:locale0_implib.obj
 0006:00000060       $R000000                   00491060     * linker generated manifest res *
